Initialized native services in: /home/anonim/.gradle/native
Initialized jansi services in: /home/anonim/.gradle/native
The client will now receive all logging from the daemon (pid: 116221). The daemon log file: /home/anonim/.gradle/daemon/9.3.0/daemon-116221.out.log
Starting 59th build in daemon [uptime: 1 hrs 29 mins 43.398 secs, performance: 98%, GC rate: 0.00/s, heap usage: 57% of 512 MiB, non-heap usage: 34% of 384 MiB]
Using 16 worker leases.
Operational build model parameters: {requiresToolingModels=false, parallelProjectExecution=false, configureOnDemand=false, configurationCache=false, configurationCacheParallelStore=false, configurationCacheParallelLoad=true, isolatedProjects=false, parallelProjectConfiguration=false, intermediateModelCache=false, parallelToolingApiActions=false, invalidateCoupledProjects=false, modelAsProjectDependency=false, resilientModelBuilding=false}
Now considering [/home/anonim/IdeaProjects/AOP] as hierarchies to watch
Watching the file system is configured to be enabled if available
File system watching is active
Starting Build
Resolved plugin [id: 'org.gradle.toolchains.foojay-resolver-convention', version: '0.10.0']
Settings evaluated using settings file '/home/anonim/IdeaProjects/AOP/settings.gradle.kts'.
Projects loaded. Root project using build file '/home/anonim/IdeaProjects/AOP/build.gradle.kts'.
Included projects: [root project 'AOP']

> Configure project :
Evaluating root project 'AOP' using build file '/home/anonim/IdeaProjects/AOP/build.gradle.kts'.
Resolved plugin [id: 'java']
Resolved plugin [id: 'org.jetbrains.kotlin.jvm', version: '2.1.0']
Resolved plugin [id: 'org.jetbrains.intellij.platform', version: '2.15.0']
Resolved plugin [id: 'org.jlleitschuh.gradle.ktlint', version: '12.2.0']
Using Kotlin Gradle Plugin gradle85 variant
kotlin scripting plugin: created the scripting discovery configuration: kotlinScriptDef
kotlin scripting plugin: created the scripting discovery configuration: testKotlinScriptDef
[org.jetbrains.intellij.platform] Configuring plugin: org.jetbrains.intellij.platform
[org.jetbrains.intellij.platform] Configuring task: patchPluginXml
[org.jetbrains.intellij.platform] Configuring plugin: org.jetbrains.intellij.platform.base
[org.jetbrains.intellij.platform] Configuring task: initializeIntellijPlatformPlugin
[org.jetbrains.intellij.platform] Configuring task: printBundledModules
[org.jetbrains.intellij.platform] Configuring task: printBundledPlugins
[org.jetbrains.intellij.platform] Configuring task: printProductsReleases
[org.jetbrains.intellij.platform] Configuring task: setupDependencies
[org.jetbrains.intellij.platform] Configuring plugin: org.jetbrains.intellij.platform.module
[org.jetbrains.intellij.platform] Configuring task: generateManifest
[org.jetbrains.intellij.platform] Configuring task: jar
[org.jetbrains.intellij.platform] Configuring task: instrumentCode
[org.jetbrains.intellij.platform] Configuring task: instrumentTestCode
[org.jetbrains.intellij.platform] Configuring task: instrumentedJar
[org.jetbrains.intellij.platform] Configuring task: composedJar
[org.jetbrains.intellij.platform] Configuring task: prepareSandbox
[org.jetbrains.intellij.platform] Configuring task: prepareTestSandbox
[org.jetbrains.intellij.platform] Configuring task: prepareTestIdePerformanceSandbox
[org.jetbrains.intellij.platform] Configuring task: cleanSandbox
[org.jetbrains.intellij.platform] Configuring task: prepareTest
[org.jetbrains.intellij.platform] Configuring task: test
[org.jetbrains.intellij.platform] Configuring task: verifyPluginProjectConfiguration
[org.jetbrains.intellij.platform] Configuring plugin configuration verification task
[org.jetbrains.intellij.platform] Configuring task: patchPluginXml
[org.jetbrains.intellij.platform] Configuring task: processResources
[org.jetbrains.intellij.platform] Configuring task: buildSearchableOptions
[org.jetbrains.intellij.platform] Configuring task: prepareJarSearchableOptions
[org.jetbrains.intellij.platform] Configuring task: jarSearchableOptions
[org.jetbrains.intellij.platform] Configuring task: buildPlugin
[org.jetbrains.intellij.platform] Configuring task: testIdePerformance
[org.jetbrains.intellij.platform] Configuring task: generateSplitModeRunConfigurations
[org.jetbrains.intellij.platform] Configuring task: runIde
[org.jetbrains.intellij.platform] Configuring task: prepareSandbox_runIdeBackend
[org.jetbrains.intellij.platform] Configuring task: prepareSandbox_runIdeFrontend
[org.jetbrains.intellij.platform] Configuring task: runIdeBackend
[org.jetbrains.intellij.platform] Configuring task: runIdeFrontend
[org.jetbrains.intellij.platform] Configuring task: verifyPlugin
[org.jetbrains.intellij.platform] Configuring task: verifyPluginSignature
[org.jetbrains.intellij.platform] Configuring task: verifyPluginStructure
[org.jetbrains.intellij.platform] Configuring task: signPlugin
[org.jetbrains.intellij.platform] Configuring task: publishPlugin
All projects evaluated.
Task name matched 'test'
Selected primary task 'test' from project :
[org.jetbrains.intellij.platform] LocalIvyArtifactPathComponentMetadataRule has been registered.
Starting process 'command '/home/anonim/.gradle/caches/9.3.0/transforms/cd783a3061b27cc6a4e11beaadf12694/transformed/ideaIC-2025.1/jbr/bin/java''. Working directory: /home/anonim/IdeaProjects/AOP Command: /home/anonim/.gradle/caches/9.3.0/transforms/cd783a3061b27cc6a4e11beaadf12694/transformed/ideaIC-2025.1/jbr/bin/java -XshowSettings:properties -version
Successfully started process 'command '/home/anonim/.gradle/caches/9.3.0/transforms/cd783a3061b27cc6a4e11beaadf12694/transformed/ideaIC-2025.1/jbr/bin/java''
[org.jetbrains.intellij.platform] Creating new IDE instance from: /home/anonim/.gradle/caches/9.3.0/transforms/cd783a3061b27cc6a4e11beaadf12694/transformed/ideaIC-2025.1
[org.jetbrains.intellij.platform] Created IvyModule.Artifact: url='lib', name='app-client', ext='jar'.
[org.jetbrains.intellij.platform] Created IvyModule.Artifact: url='lib', name='idea_rt', ext='jar'.
[org.jetbrains.intellij.platform] Created IvyModule.Artifact: url='lib', name='testFramework', ext='jar'.
[org.jetbrains.intellij.platform] Created IvyModule.Artifact: url='lib', name='stats', ext='jar'.
[org.jetbrains.intellij.platform] Created IvyModule.Artifact: url='lib/modules', name='intellij.libraries.ktor.client.cio', ext='jar'.
[org.jetbrains.intellij.platform] Created IvyModule.Artifact: url='lib/modules', name='intellij.platform.vcs.dvcs.impl.shared', ext='jar'.
[org.jetbrains.intellij.platform] Created IvyModule.Artifact: url='lib/modules', name='intellij.platform.recentFiles.backend', ext='jar'.
[org.jetbrains.intellij.platform] Created IvyModule.Artifact: url='lib/modules', name='intellij.platform.vcs.impl.lang', ext='jar'.
[org.jetbrains.intellij.platform] Created IvyModule.Artifact: url='lib/modules', name='intellij.platform.rpc.backend', ext='jar'.
[org.jetbrains.intellij.platform] Created IvyModule.Artifact: url='lib/modules', name='intellij.platform.navbar.backend', ext='jar'.
[org.jetbrains.intellij.platform] Created IvyModule.Artifact: url='lib/modules', name='intellij.grid.impl', ext='jar'.
[org.jetbrains.intellij.platform] Created IvyModule.Artifact: url='lib/modules', name='intellij.platform.jewel.ui', ext='jar'.
[org.jetbrains.intellij.platform] Created IvyModule.Artifact: url='lib/modules', name='intellij.platform.coverage.agent', ext='jar'.
[org.jetbrains.intellij.platform] Created IvyModule.Artifact: url='lib/modules', name='intellij.platform.tips', ext='jar'.
[org.jetbrains.intellij.platform] Created IvyModule.Artifact: url='lib/modules', name='intellij.platform.debugger.impl.frontend', ext='jar'.
[org.jetbrains.intellij.platform] Created IvyModule.Artifact: url='lib/modules', name='intellij.platform.editor.frontend', ext='jar'.
[org.jetbrains.intellij.platform] Created IvyModule.Artifact: url='lib/modules', name='intellij.libraries.ktor.client', ext='jar'.
[org.jetbrains.intellij.platform] Created IvyModule.Artifact: url='lib/modules', name='intellij.platform.ide.newUiOnboarding', ext='jar'.
[org.jetbrains.intellij.platform] Created IvyModule.Artifact: url='lib/modules', name='intellij.platform.editor', ext='jar'.
[org.jetbrains.intellij.platform] Created IvyModule.Artifact: url='lib/modules', name='intellij.platform.vcs.dvcs.impl', ext='jar'.
[org.jetbrains.intellij.platform] Created IvyModule.Artifact: url='lib/modules', name='intellij.platform.navbar', ext='jar'.
[org.jetbrains.intellij.platform] Created IvyModule.Artifact: url='lib/modules', name='intellij.platform.execution.dashboard', ext='jar'.
[org.jetbrains.intellij.platform] Created IvyModule.Artifact: url='lib/modules', name='intellij.platform.frontend', ext='jar'.
[org.jetbrains.intellij.platform] Created IvyModule.Artifact: url='lib/modules', name='intellij.platform.images.backend.svg', ext='jar'.
[org.jetbrains.intellij.platform] Created IvyModule.Artifact: url='lib/modules', name='intellij.platform.editor.backend', ext='jar'.
[org.jetbrains.intellij.platform] Created IvyModule.Artifact: url='lib/modules', name='intellij.platform.smRunner.vcs', ext='jar'.
[org.jetbrains.intellij.platform] Created IvyModule.Artifact: url='lib/modules', name='intellij.platform.searchEverywhere.backend', ext='jar'.
[org.jetbrains.intellij.platform] Created IvyModule.Artifact: url='lib/modules', name='intellij.platform.ide.newUsersOnboarding', ext='jar'.
[org.jetbrains.intellij.platform] Created IvyModule.Artifact: url='lib/modules', name='intellij.platform.jewel.markdown.ideLafBridgeStyling', ext='jar'.
[org.jetbrains.intellij.platform] Created IvyModule.Artifact: url='lib/modules', name='intellij.platform.jewel.markdown.extension.gfmTables', ext='jar'.
[org.jetbrains.intellij.platform] Created IvyModule.Artifact: url='lib/modules', name='intellij.platform.navbar.frontend', ext='jar'.
[org.jetbrains.intellij.platform] Created IvyModule.Artifact: url='lib/modules', name='intellij.platform.collaborationTools', ext='jar'.
[org.jetbrains.intellij.platform] Created IvyModule.Artifact: url='lib/modules', name='intellij.platform.kernel.backend', ext='jar'.
[org.jetbrains.intellij.platform] Created IvyModule.Artifact: url='lib/modules', name='intellij.platform.debugger.impl.backend', ext='jar'.
[org.jetbrains.intellij.platform] Created IvyModule.Artifact: url='lib/modules', name='intellij.platform.execution.serviceView', ext='jar'.
[org.jetbrains.intellij.platform] Created IvyModule.Artifact: url='lib/modules', name='intellij.platform.recentFiles', ext='jar'.
[org.jetbrains.intellij.platform] Created IvyModule.Artifact: url='lib/modules', name='intellij.libraries.skiko', ext='jar'.
[org.jetbrains.intellij.platform] Created IvyModule.Artifact: url='lib/modules', name='intellij.platform.recentFiles.frontend', ext='jar'.
[org.jetbrains.intellij.platform] Created IvyModule.Artifact: url='lib/modules', name='intellij.platform.project.backend', ext='jar'.
[org.jetbrains.intellij.platform] Created IvyModule.Artifact: url='lib/modules', name='intellij.platform.coverage', ext='jar'.
[org.jetbrains.intellij.platform] Created IvyModule.Artifact: url='lib/modules', name='intellij.ide.startup.importSettings', ext='jar'.
[org.jetbrains.intellij.platform] Created IvyModule.Artifact: url='lib/modules', name='intellij.xml.xmlbeans', ext='jar'.
[org.jetbrains.intellij.platform] Created IvyModule.Artifact: url='lib/modules', name='intellij.platform.bookmarks.frontend', ext='jar'.
[org.jetbrains.intellij.platform] Created IvyModule.Artifact: url='lib/modules', name='intellij.platform.lvcs.impl', ext='jar'.
[org.jetbrains.intellij.platform] Created IvyModule.Artifact: url='lib/modules', name='intellij.platform.vcs.log.impl', ext='jar'.
[org.jetbrains.intellij.platform] Created IvyModule.Artifact: url='lib/modules', name='intellij.platform.jewel.markdown.core', ext='jar'.
[org.jetbrains.intellij.platform] Created IvyModule.Artifact: url='lib/modules', name='intellij.platform.vcs.impl.lang.actions', ext='jar'.
[org.jetbrains.intellij.platform] Created IvyModule.Artifact: url='lib/modules', name='intellij.platform.vcs.impl.backend', ext='jar'.
[org.jetbrains.intellij.platform] Created IvyModule.Artifact: url='lib/modules', name='intellij.grid', ext='jar'.
[org.jetbrains.intellij.platform] Created IvyModule.Artifact: url='lib/modules', name='intellij.platform.diagnostic.freezes', ext='jar'.
[org.jetbrains.intellij.platform] Created IvyModule.Artifact: url='lib/modules', name='intellij.platform.vcs.impl', ext='jar'.
[org.jetbrains.intellij.platform] Created IvyModule.Artifact: url='lib/modules', name='intellij.platform.registry.cloud', ext='jar'.
[org.jetbrains.intellij.platform] Created IvyModule.Artifact: url='lib/modules', name='intellij.grid.types', ext='jar'.
[org.jetbrains.intellij.platform] Created IvyModule.Artifact: url='lib/modules', name='intellij.platform.inline.completion', ext='jar'.
[org.jetbrains.intellij.platform] Created IvyModule.Artifact: url='lib/modules', name='intellij.platform.searchEverywhere.frontend', ext='jar'.
[org.jetbrains.intellij.platform] Created IvyModule.Artifact: url='lib/modules', name='intellij.platform.compose', ext='jar'.
[org.jetbrains.intellij.platform] Created IvyModule.Artifact: url='lib/modules', name='intellij.platform.searchEverywhere', ext='jar'.
[org.jetbrains.intellij.platform] Created IvyModule.Artifact: url='lib/modules', name='intellij.platform.progress.backend', ext='jar'.
[org.jetbrains.intellij.platform] Created IvyModule.Artifact: url='lib/modules', name='intellij.platform.settings.local', ext='jar'.
[org.jetbrains.intellij.platform] Created IvyModule.Artifact: url='lib/modules', name='intellij.grid.core.impl', ext='jar'.
[org.jetbrains.intellij.platform] Created IvyModule.Artifact: url='lib/modules', name='intellij.platform.bookmarks.backend', ext='jar'.
[org.jetbrains.intellij.platform] Created IvyModule.Artifact: url='lib/modules', name='intellij.grid.csv.core.impl', ext='jar'.
[org.jetbrains.intellij.platform] Created IvyModule.Artifact: url='lib/modules', name='intellij.kotlin.onboarding-promoter', ext='jar'.
[org.jetbrains.intellij.platform] Created IvyModule.Artifact: url='lib/modules', name='intellij.platform.vcs.impl.shared', ext='jar'.
[org.jetbrains.intellij.platform] Created IvyModule.Artifact: url='lib/modules', name='intellij.settingsSync.core', ext='jar'.
[org.jetbrains.intellij.platform] Created IvyModule.Artifact: url='lib/modules', name='intellij.platform.navbar.monolith', ext='jar'.
[org.jetbrains.intellij.platform] Created IvyModule.Artifact: url='lib/modules', name='intellij.libraries.compose.foundation.desktop', ext='jar'.
[org.jetbrains.intellij.platform] Created IvyModule.Artifact: url='lib/modules', name='intellij.libraries.microba', ext='jar'.
[org.jetbrains.intellij.platform] Created IvyModule.Artifact: url='lib/modules', name='intellij.platform.vcs.impl.exec', ext='jar'.
[org.jetbrains.intellij.platform] Created IvyModule.Artifact: url='lib/modules', name='intellij.platform.clouds', ext='jar'.
[org.jetbrains.intellij.platform] Created IvyModule.Artifact: url='lib/modules', name='intellij.platform.images.copyright', ext='jar'.
[org.jetbrains.intellij.platform] Created IvyModule.Artifact: url='lib/modules', name='intellij.platform.vcs.impl.frontend', ext='jar'.
[org.jetbrains.intellij.platform] Created IvyModule.Artifact: url='lib/modules', name='intellij.platform.jewel.markdown.extension.gfmAlerts', ext='jar'.
[org.jetbrains.intellij.platform] Created IvyModule.Artifact: url='lib/modules', name='intellij.platform.jewel.foundation', ext='jar'.
[org.jetbrains.intellij.platform] Created IvyModule.Artifact: url='lib/modules', name='intellij.idea.customization.base', ext='jar'.
[org.jetbrains.intellij.platform] Created IvyModule.Artifact: url='lib/modules', name='intellij.platform.jewel.ideLafBridge', ext='jar'.
[org.jetbrains.intellij.platform] Created IvyModule.Artifact: url='lib/modules', name='intellij.platform.diagnostic.freezeAnalyzer', ext='jar'.
[org.jetbrains.intellij.platform] Created IvyModule.Artifact: url='lib', name='protobuf', ext='jar'.
[org.jetbrains.intellij.platform] Created IvyModule.Artifact: url='lib', name='trove', ext='jar'.
[org.jetbrains.intellij.platform] Created IvyModule.Artifact: url='lib', name='util-8', ext='jar'.
[org.jetbrains.intellij.platform] Created IvyModule.Artifact: url='lib', name='external-system-rt', ext='jar'.
[org.jetbrains.intellij.platform] Created IvyModule.Artifact: url='lib', name='util', ext='jar'.
[org.jetbrains.intellij.platform] Created IvyModule.Artifact: url='lib', name='bouncy-castle', ext='jar'.
[org.jetbrains.intellij.platform] Created IvyModule.Artifact: url='lib', name='externalProcess-rt', ext='jar'.
[org.jetbrains.intellij.platform] Created IvyModule.Artifact: url='lib', name='groovy', ext='jar'.
[org.jetbrains.intellij.platform] Created IvyModule.Artifact: url='lib', name='kotlinx-coroutines-slf4j-1.8.0-intellij', ext='jar'.
[org.jetbrains.intellij.platform] Created IvyModule.Artifact: url='lib', name='rd', ext='jar'.
[org.jetbrains.intellij.platform] Created IvyModule.Artifact: url='lib', name='opentelemetry', ext='jar'.
[org.jetbrains.intellij.platform] Created IvyModule.Artifact: url='lib', name='nio-fs', ext='jar'.
[org.jetbrains.intellij.platform] Created IvyModule.Artifact: url='lib', name='util_rt', ext='jar'.
[org.jetbrains.intellij.platform] Created IvyModule.Artifact: url='lib', name='forms_rt', ext='jar'.
[org.jetbrains.intellij.platform] Created IvyModule.Artifact: url='lib', name='jsch-agent', ext='jar'.
[org.jetbrains.intellij.platform] Created IvyModule.Artifact: url='lib', name='app', ext='jar'.
[org.jetbrains.intellij.platform] Created IvyModule.Artifact: url='lib', name='platform-loader', ext='jar'.
[org.jetbrains.intellij.platform] Created IvyModule.Artifact: url='lib', name='lib', ext='jar'.
[org.jetbrains.intellij.platform] Created IvyModule.Artifact: url='lib', name='annotations', ext='jar'.
[org.jetbrains.intellij.platform] Created IvyModule.Artifact: url='lib', name='jps-model', ext='jar'.
[org.jetbrains.intellij.platform] Created IvyModule.Artifact: url='lib', name='intellij-test-discovery', ext='jar'.
[org.jetbrains.intellij.platform] Created IvyModule.Artifact: url='lib', name='lib-client', ext='jar'.
[org.jetbrains.intellij.platform] Created IvyModule.Artifact: url='lib', name='app-client', ext='jar'.
[org.jetbrains.intellij.platform] Created IvyModule.Artifact: url='lib', name='idea_rt', ext='jar'.
[org.jetbrains.intellij.platform] Created IvyModule.Artifact: url='lib', name='testFramework', ext='jar'.
[org.jetbrains.intellij.platform] Created IvyModule.Artifact: url='lib', name='stats', ext='jar'.
[org.jetbrains.intellij.platform] Created IvyModule.Artifact: url='lib/modules', name='intellij.libraries.ktor.client.cio', ext='jar'.
[org.jetbrains.intellij.platform] Created IvyModule.Artifact: url='lib/modules', name='intellij.platform.vcs.dvcs.impl.shared', ext='jar'.
[org.jetbrains.intellij.platform] Created IvyModule.Artifact: url='lib/modules', name='intellij.platform.recentFiles.backend', ext='jar'.
[org.jetbrains.intellij.platform] Created IvyModule.Artifact: url='lib/modules', name='intellij.platform.vcs.impl.lang', ext='jar'.
[org.jetbrains.intellij.platform] Created IvyModule.Artifact: url='lib/modules', name='intellij.platform.rpc.backend', ext='jar'.
[org.jetbrains.intellij.platform] Created IvyModule.Artifact: url='lib/modules', name='intellij.platform.navbar.backend', ext='jar'.
[org.jetbrains.intellij.platform] Created IvyModule.Artifact: url='lib/modules', name='intellij.grid.impl', ext='jar'.
[org.jetbrains.intellij.platform] Created IvyModule.Artifact: url='lib/modules', name='intellij.platform.jewel.ui', ext='jar'.
[org.jetbrains.intellij.platform] Created IvyModule.Artifact: url='lib/modules', name='intellij.platform.coverage.agent', ext='jar'.
[org.jetbrains.intellij.platform] Created IvyModule.Artifact: url='lib/modules', name='intellij.platform.tips', ext='jar'.
[org.jetbrains.intellij.platform] Created IvyModule.Artifact: url='lib/modules', name='intellij.platform.debugger.impl.frontend', ext='jar'.
[org.jetbrains.intellij.platform] Created IvyModule.Artifact: url='lib/modules', name='intellij.platform.editor.frontend', ext='jar'.
[org.jetbrains.intellij.platform] Created IvyModule.Artifact: url='lib/modules', name='intellij.libraries.ktor.client', ext='jar'.
[org.jetbrains.intellij.platform] Created IvyModule.Artifact: url='lib/modules', name='intellij.platform.ide.newUiOnboarding', ext='jar'.
[org.jetbrains.intellij.platform] Created IvyModule.Artifact: url='lib/modules', name='intellij.platform.editor', ext='jar'.
[org.jetbrains.intellij.platform] Created IvyModule.Artifact: url='lib/modules', name='intellij.platform.vcs.dvcs.impl', ext='jar'.
[org.jetbrains.intellij.platform] Created IvyModule.Artifact: url='lib/modules', name='intellij.platform.navbar', ext='jar'.
[org.jetbrains.intellij.platform] Created IvyModule.Artifact: url='lib/modules', name='intellij.platform.execution.dashboard', ext='jar'.
[org.jetbrains.intellij.platform] Created IvyModule.Artifact: url='lib/modules', name='intellij.platform.frontend', ext='jar'.
[org.jetbrains.intellij.platform] Created IvyModule.Artifact: url='lib/modules', name='intellij.platform.images.backend.svg', ext='jar'.
[org.jetbrains.intellij.platform] Created IvyModule.Artifact: url='lib/modules', name='intellij.platform.editor.backend', ext='jar'.
[org.jetbrains.intellij.platform] Created IvyModule.Artifact: url='lib/modules', name='intellij.platform.smRunner.vcs', ext='jar'.
[org.jetbrains.intellij.platform] Created IvyModule.Artifact: url='lib/modules', name='intellij.platform.searchEverywhere.backend', ext='jar'.
[org.jetbrains.intellij.platform] Created IvyModule.Artifact: url='lib/modules', name='intellij.platform.ide.newUsersOnboarding', ext='jar'.
[org.jetbrains.intellij.platform] Created IvyModule.Artifact: url='lib/modules', name='intellij.platform.jewel.markdown.ideLafBridgeStyling', ext='jar'.
[org.jetbrains.intellij.platform] Created IvyModule.Artifact: url='lib/modules', name='intellij.platform.jewel.markdown.extension.gfmTables', ext='jar'.
[org.jetbrains.intellij.platform] Created IvyModule.Artifact: url='lib/modules', name='intellij.platform.navbar.frontend', ext='jar'.
[org.jetbrains.intellij.platform] Created IvyModule.Artifact: url='lib/modules', name='intellij.platform.collaborationTools', ext='jar'.
[org.jetbrains.intellij.platform] Created IvyModule.Artifact: url='lib/modules', name='intellij.platform.kernel.backend', ext='jar'.
[org.jetbrains.intellij.platform] Created IvyModule.Artifact: url='lib/modules', name='intellij.platform.debugger.impl.backend', ext='jar'.
[org.jetbrains.intellij.platform] Created IvyModule.Artifact: url='lib/modules', name='intellij.platform.execution.serviceView', ext='jar'.
[org.jetbrains.intellij.platform] Created IvyModule.Artifact: url='lib/modules', name='intellij.platform.recentFiles', ext='jar'.
[org.jetbrains.intellij.platform] Created IvyModule.Artifact: url='lib/modules', name='intellij.libraries.skiko', ext='jar'.
[org.jetbrains.intellij.platform] Created IvyModule.Artifact: url='lib/modules', name='intellij.platform.recentFiles.frontend', ext='jar'.
[org.jetbrains.intellij.platform] Created IvyModule.Artifact: url='lib/modules', name='intellij.platform.project.backend', ext='jar'.
[org.jetbrains.intellij.platform] Created IvyModule.Artifact: url='lib/modules', name='intellij.platform.coverage', ext='jar'.
[org.jetbrains.intellij.platform] Created IvyModule.Artifact: url='lib/modules', name='intellij.ide.startup.importSettings', ext='jar'.
[org.jetbrains.intellij.platform] Created IvyModule.Artifact: url='lib/modules', name='intellij.xml.xmlbeans', ext='jar'.
[org.jetbrains.intellij.platform] Created IvyModule.Artifact: url='lib/modules', name='intellij.platform.bookmarks.frontend', ext='jar'.
[org.jetbrains.intellij.platform] Created IvyModule.Artifact: url='lib/modules', name='intellij.platform.lvcs.impl', ext='jar'.
[org.jetbrains.intellij.platform] Created IvyModule.Artifact: url='lib/modules', name='intellij.platform.vcs.log.impl', ext='jar'.
[org.jetbrains.intellij.platform] Created IvyModule.Artifact: url='lib/modules', name='intellij.platform.jewel.markdown.core', ext='jar'.
[org.jetbrains.intellij.platform] Created IvyModule.Artifact: url='lib/modules', name='intellij.platform.vcs.impl.lang.actions', ext='jar'.
[org.jetbrains.intellij.platform] Created IvyModule.Artifact: url='lib/modules', name='intellij.platform.vcs.impl.backend', ext='jar'.
[org.jetbrains.intellij.platform] Created IvyModule.Artifact: url='lib/modules', name='intellij.grid', ext='jar'.
[org.jetbrains.intellij.platform] Created IvyModule.Artifact: url='lib/modules', name='intellij.platform.diagnostic.freezes', ext='jar'.
[org.jetbrains.intellij.platform] Created IvyModule.Artifact: url='lib/modules', name='intellij.platform.vcs.impl', ext='jar'.
[org.jetbrains.intellij.platform] Created IvyModule.Artifact: url='lib/modules', name='intellij.platform.registry.cloud', ext='jar'.
[org.jetbrains.intellij.platform] Created IvyModule.Artifact: url='lib/modules', name='intellij.grid.types', ext='jar'.
[org.jetbrains.intellij.platform] Created IvyModule.Artifact: url='lib/modules', name='intellij.platform.inline.completion', ext='jar'.
[org.jetbrains.intellij.platform] Created IvyModule.Artifact: url='lib/modules', name='intellij.platform.searchEverywhere.frontend', ext='jar'.
[org.jetbrains.intellij.platform] Created IvyModule.Artifact: url='lib/modules', name='intellij.platform.compose', ext='jar'.
[org.jetbrains.intellij.platform] Created IvyModule.Artifact: url='lib/modules', name='intellij.platform.searchEverywhere', ext='jar'.
[org.jetbrains.intellij.platform] Created IvyModule.Artifact: url='lib/modules', name='intellij.platform.progress.backend', ext='jar'.
[org.jetbrains.intellij.platform] Created IvyModule.Artifact: url='lib/modules', name='intellij.platform.settings.local', ext='jar'.
[org.jetbrains.intellij.platform] Created IvyModule.Artifact: url='lib/modules', name='intellij.grid.core.impl', ext='jar'.
[org.jetbrains.intellij.platform] Created IvyModule.Artifact: url='lib/modules', name='intellij.platform.bookmarks.backend', ext='jar'.
[org.jetbrains.intellij.platform] Created IvyModule.Artifact: url='lib/modules', name='intellij.grid.csv.core.impl', ext='jar'.
[org.jetbrains.intellij.platform] Created IvyModule.Artifact: url='lib/modules', name='intellij.kotlin.onboarding-promoter', ext='jar'.
[org.jetbrains.intellij.platform] Created IvyModule.Artifact: url='lib/modules', name='intellij.platform.vcs.impl.shared', ext='jar'.
[org.jetbrains.intellij.platform] Created IvyModule.Artifact: url='lib/modules', name='intellij.settingsSync.core', ext='jar'.
[org.jetbrains.intellij.platform] Created IvyModule.Artifact: url='lib/modules', name='intellij.platform.navbar.monolith', ext='jar'.
[org.jetbrains.intellij.platform] Created IvyModule.Artifact: url='lib/modules', name='intellij.libraries.compose.foundation.desktop', ext='jar'.
[org.jetbrains.intellij.platform] Created IvyModule.Artifact: url='lib/modules', name='intellij.libraries.microba', ext='jar'.
[org.jetbrains.intellij.platform] Created IvyModule.Artifact: url='lib/modules', name='intellij.platform.vcs.impl.exec', ext='jar'.
[org.jetbrains.intellij.platform] Created IvyModule.Artifact: url='lib/modules', name='intellij.platform.clouds', ext='jar'.
[org.jetbrains.intellij.platform] Created IvyModule.Artifact: url='lib/modules', name='intellij.platform.images.copyright', ext='jar'.
[org.jetbrains.intellij.platform] Created IvyModule.Artifact: url='lib/modules', name='intellij.platform.vcs.impl.frontend', ext='jar'.
[org.jetbrains.intellij.platform] Created IvyModule.Artifact: url='lib/modules', name='intellij.platform.jewel.markdown.extension.gfmAlerts', ext='jar'.
[org.jetbrains.intellij.platform] Created IvyModule.Artifact: url='lib/modules', name='intellij.platform.jewel.foundation', ext='jar'.
[org.jetbrains.intellij.platform] Created IvyModule.Artifact: url='lib/modules', name='intellij.idea.customization.base', ext='jar'.
[org.jetbrains.intellij.platform] Created IvyModule.Artifact: url='lib/modules', name='intellij.platform.jewel.ideLafBridge', ext='jar'.
[org.jetbrains.intellij.platform] Created IvyModule.Artifact: url='lib/modules', name='intellij.platform.diagnostic.freezeAnalyzer', ext='jar'.
[org.jetbrains.intellij.platform] Created IvyModule.Artifact: url='lib', name='protobuf', ext='jar'.
[org.jetbrains.intellij.platform] Created IvyModule.Artifact: url='lib', name='trove', ext='jar'.
[org.jetbrains.intellij.platform] Created IvyModule.Artifact: url='lib', name='util-8', ext='jar'.
[org.jetbrains.intellij.platform] Created IvyModule.Artifact: url='lib', name='external-system-rt', ext='jar'.
[org.jetbrains.intellij.platform] Created IvyModule.Artifact: url='lib', name='util', ext='jar'.
[org.jetbrains.intellij.platform] Created IvyModule.Artifact: url='lib', name='bouncy-castle', ext='jar'.
[org.jetbrains.intellij.platform] Created IvyModule.Artifact: url='lib', name='externalProcess-rt', ext='jar'.
[org.jetbrains.intellij.platform] Created IvyModule.Artifact: url='lib', name='groovy', ext='jar'.
[org.jetbrains.intellij.platform] Created IvyModule.Artifact: url='lib', name='kotlinx-coroutines-slf4j-1.8.0-intellij', ext='jar'.
[org.jetbrains.intellij.platform] Created IvyModule.Artifact: url='lib', name='rd', ext='jar'.
[org.jetbrains.intellij.platform] Created IvyModule.Artifact: url='lib', name='opentelemetry', ext='jar'.
[org.jetbrains.intellij.platform] Created IvyModule.Artifact: url='lib', name='nio-fs', ext='jar'.
[org.jetbrains.intellij.platform] Created IvyModule.Artifact: url='lib', name='util_rt', ext='jar'.
[org.jetbrains.intellij.platform] Created IvyModule.Artifact: url='lib', name='forms_rt', ext='jar'.
[org.jetbrains.intellij.platform] Created IvyModule.Artifact: url='lib', name='jsch-agent', ext='jar'.
[org.jetbrains.intellij.platform] Created IvyModule.Artifact: url='lib', name='app', ext='jar'.
[org.jetbrains.intellij.platform] Created IvyModule.Artifact: url='lib', name='platform-loader', ext='jar'.
[org.jetbrains.intellij.platform] Created IvyModule.Artifact: url='lib', name='lib', ext='jar'.
[org.jetbrains.intellij.platform] Created IvyModule.Artifact: url='lib', name='annotations', ext='jar'.
[org.jetbrains.intellij.platform] Created IvyModule.Artifact: url='lib', name='jps-model', ext='jar'.
[org.jetbrains.intellij.platform] Created IvyModule.Artifact: url='lib', name='intellij-test-discovery', ext='jar'.
[org.jetbrains.intellij.platform] Created IvyModule.Artifact: url='lib', name='lib-client', ext='jar'.
[org.jetbrains.intellij.platform] An attempt to rewrite an already created Ivy module 'IC-251.23774.435/bundledModule-intellij-platform-test-runtime-IC-251.23774.435.xml' has been detected, the cached value will be used.
[org.jetbrains.intellij.platform] Created IvyModule.Artifact: url='plugins/java/lib', name='jps-builders', ext='jar'.
[org.jetbrains.intellij.platform] Created IvyModule.Artifact: url='plugins/java/lib', name='jgoodies-common', ext='jar'.
[org.jetbrains.intellij.platform] Created IvyModule.Artifact: url='plugins/java/lib', name='aether-dependency-resolver', ext='jar'.
[org.jetbrains.intellij.platform] Created IvyModule.Artifact: url='plugins/java/lib', name='debugger-memory-agent', ext='jar'.
[org.jetbrains.intellij.platform] Created IvyModule.Artifact: url='plugins/java/lib', name='jps-builders-6', ext='jar'.
[org.jetbrains.intellij.platform] Created IvyModule.Artifact: url='plugins/java/lib', name='maven-resolver-transport-file', ext='jar'.
[org.jetbrains.intellij.platform] Created IvyModule.Artifact: url='plugins/java/lib', name='sa-jdwp', ext='jar'.
[org.jetbrains.intellij.platform] Created IvyModule.Artifact: url='plugins/java/lib', name='maven-resolver-connector-basic', ext='jar'.
[org.jetbrains.intellij.platform] Created IvyModule.Artifact: url='plugins/java/lib', name='java-impl', ext='jar'.
[org.jetbrains.intellij.platform] Created IvyModule.Artifact: url='plugins/java/lib', name='jshell-protocol', ext='jar'.
[org.jetbrains.intellij.platform] Created IvyModule.Artifact: url='plugins/java/lib', name='jps-launcher', ext='jar'.
[org.jetbrains.intellij.platform] Created IvyModule.Artifact: url='plugins/java/lib', name='jb-jdi', ext='jar'.
[org.jetbrains.intellij.platform] Created IvyModule.Artifact: url='plugins/java/lib', name='javac2', ext='jar'.
[org.jetbrains.intellij.platform] Created IvyModule.Artifact: url='plugins/java/lib', name='jshell-frontend', ext='jar'.
[org.jetbrains.intellij.platform] Created IvyModule.Artifact: url='plugins/java/lib', name='jps-javac-extension', ext='jar'.
[org.jetbrains.intellij.platform] Created IvyModule.Artifact: url='plugins/java/lib', name='maven-resolver-transport-http', ext='jar'.
[org.jetbrains.intellij.platform] Created IvyModule.Artifact: url='plugins/java/lib', name='kotlin-metadata', ext='jar'.
[org.jetbrains.intellij.platform] Created IvyModule.Artifact: url='plugins/java/lib', name='java-frontback', ext='jar'.
[org.jetbrains.intellij.platform] Created IvyModule.Artifact: url='plugins/java/lib/modules', name='intellij.java.vcs', ext='jar'.
[org.jetbrains.intellij.platform] Created IvyModule.Artifact: url='plugins/java/lib/modules', name='intellij.java.debugger.impl.backend', ext='jar'.
[org.jetbrains.intellij.platform] Created IvyModule.Artifact: url='plugins/java/lib/modules', name='intellij.java.structuralSearch', ext='jar'.
[org.jetbrains.intellij.platform] Created IvyModule.Artifact: url='plugins/java/lib/modules', name='intellij.jvm.analysis.impl', ext='jar'.
[org.jetbrains.intellij.platform] Created IvyModule.Artifact: url='plugins/java/lib/modules', name='intellij.java.debugger.impl.frontend', ext='jar'.
[org.jetbrains.intellij.platform] Created IvyModule.Artifact: url='plugins/java/lib/modules', name='intellij.java.unscramble', ext='jar'.
[org.jetbrains.intellij.platform] Created IvyModule.Artifact: url='plugins/java/lib/modules', name='intellij.java.featuresTrainer', ext='jar'.
[org.jetbrains.intellij.platform] Created IvyModule.Artifact: url='plugins/Kotlin/lib', name='kotlinc.noarg-compiler-plugin', ext='jar'.
[org.jetbrains.intellij.platform] Created IvyModule.Artifact: url='plugins/Kotlin/lib', name='kotlinc.android-extensions-compiler-plugin', ext='jar'.
[org.jetbrains.intellij.platform] Created IvyModule.Artifact: url='plugins/Kotlin/lib', name='kotlin-plugin', ext='jar'.
[org.jetbrains.intellij.platform] Created IvyModule.Artifact: url='plugins/Kotlin/lib', name='kotlinc.parcelize-compiler-plugin', ext='jar'.
[org.jetbrains.intellij.platform] Created IvyModule.Artifact: url='plugins/Kotlin/lib', name='kotlin-base-jps', ext='jar'.
[org.jetbrains.intellij.platform] Created IvyModule.Artifact: url='plugins/Kotlin/lib', name='kotlinc.allopen-compiler-plugin', ext='jar'.
[org.jetbrains.intellij.platform] Created IvyModule.Artifact: url='plugins/Kotlin/lib', name='kotlinc.compose-compiler-plugin', ext='jar'.
[org.jetbrains.intellij.platform] Created IvyModule.Artifact: url='plugins/Kotlin/lib', name='kotlin-plugin-shared', ext='jar'.
[org.jetbrains.intellij.platform] Created IvyModule.Artifact: url='plugins/Kotlin/lib', name='kotlin-gradle-tooling', ext='jar'.
[org.jetbrains.intellij.platform] Created IvyModule.Artifact: url='plugins/Kotlin/lib', name='kotlinc.assignment-compiler-plugin', ext='jar'.
[org.jetbrains.intellij.platform] Created IvyModule.Artifact: url='plugins/Kotlin/lib', name='kotlinc.sam-with-receiver-compiler-plugin', ext='jar'.
[org.jetbrains.intellij.platform] Created IvyModule.Artifact: url='plugins/Kotlin/lib', name='kotlinc.kotlin-compiler-ir', ext='jar'.
[org.jetbrains.intellij.platform] Created IvyModule.Artifact: url='plugins/Kotlin/lib', name='kotlinc.lombok-compiler-plugin', ext='jar'.
[org.jetbrains.intellij.platform] Created IvyModule.Artifact: url='plugins/Kotlin/lib', name='kotlinc.kotlin-jps-common', ext='jar'.
[org.jetbrains.intellij.platform] Created IvyModule.Artifact: url='plugins/Kotlin/lib', name='kotlinc.scripting-compiler-plugin', ext='jar'.
[org.jetbrains.intellij.platform] Created IvyModule.Artifact: url='plugins/Kotlin/lib', name='kotlinc.kotlinx-serialization-compiler-plugin', ext='jar'.
[org.jetbrains.intellij.platform] Created IvyModule.Artifact: url='plugins/Kotlin/lib', name='kotlinc.js-plain-objects-compiler-plugin', ext='jar'.
[org.jetbrains.intellij.platform] Created IvyModule.Artifact: url='plugins/Kotlin/lib', name='kotlinc.kotlin-compiler-common', ext='jar'.
[org.jetbrains.intellij.platform] Created IvyModule.Artifact: url='plugins/Kotlin/lib', name='kotlinc.kotlin-compiler-fe10', ext='jar'.
[org.jetbrains.intellij.platform] Created IvyModule.Artifact: url='plugins/java/lib', name='jps-builders', ext='jar'.
[org.jetbrains.intellij.platform] Created IvyModule.Artifact: url='plugins/java/lib', name='jgoodies-common', ext='jar'.
[org.jetbrains.intellij.platform] Created IvyModule.Artifact: url='plugins/java/lib', name='aether-dependency-resolver', ext='jar'.
[org.jetbrains.intellij.platform] Created IvyModule.Artifact: url='plugins/java/lib', name='debugger-memory-agent', ext='jar'.
[org.jetbrains.intellij.platform] Created IvyModule.Artifact: url='plugins/java/lib', name='jps-builders-6', ext='jar'.
[org.jetbrains.intellij.platform] Created IvyModule.Artifact: url='plugins/java/lib', name='maven-resolver-transport-file', ext='jar'.
[org.jetbrains.intellij.platform] Created IvyModule.Artifact: url='plugins/java/lib', name='sa-jdwp', ext='jar'.
[org.jetbrains.intellij.platform] Created IvyModule.Artifact: url='plugins/java/lib', name='maven-resolver-connector-basic', ext='jar'.
[org.jetbrains.intellij.platform] Created IvyModule.Artifact: url='plugins/java/lib', name='java-impl', ext='jar'.
[org.jetbrains.intellij.platform] Created IvyModule.Artifact: url='plugins/java/lib', name='jshell-protocol', ext='jar'.
[org.jetbrains.intellij.platform] Created IvyModule.Artifact: url='plugins/java/lib', name='jps-launcher', ext='jar'.
[org.jetbrains.intellij.platform] Created IvyModule.Artifact: url='plugins/java/lib', name='jb-jdi', ext='jar'.
[org.jetbrains.intellij.platform] Created IvyModule.Artifact: url='plugins/java/lib', name='javac2', ext='jar'.
[org.jetbrains.intellij.platform] Created IvyModule.Artifact: url='plugins/java/lib', name='jshell-frontend', ext='jar'.
[org.jetbrains.intellij.platform] Created IvyModule.Artifact: url='plugins/java/lib', name='jps-javac-extension', ext='jar'.
[org.jetbrains.intellij.platform] Created IvyModule.Artifact: url='plugins/java/lib', name='maven-resolver-transport-http', ext='jar'.
[org.jetbrains.intellij.platform] Created IvyModule.Artifact: url='plugins/java/lib', name='kotlin-metadata', ext='jar'.
[org.jetbrains.intellij.platform] Created IvyModule.Artifact: url='plugins/java/lib', name='java-frontback', ext='jar'.
[org.jetbrains.intellij.platform] Created IvyModule.Artifact: url='plugins/java/lib/modules', name='intellij.java.vcs', ext='jar'.
[org.jetbrains.intellij.platform] Created IvyModule.Artifact: url='plugins/java/lib/modules', name='intellij.java.debugger.impl.backend', ext='jar'.
[org.jetbrains.intellij.platform] Created IvyModule.Artifact: url='plugins/java/lib/modules', name='intellij.java.structuralSearch', ext='jar'.
[org.jetbrains.intellij.platform] Created IvyModule.Artifact: url='plugins/java/lib/modules', name='intellij.jvm.analysis.impl', ext='jar'.
[org.jetbrains.intellij.platform] Created IvyModule.Artifact: url='plugins/java/lib/modules', name='intellij.java.debugger.impl.frontend', ext='jar'.
[org.jetbrains.intellij.platform] Created IvyModule.Artifact: url='plugins/java/lib/modules', name='intellij.java.unscramble', ext='jar'.
[org.jetbrains.intellij.platform] Created IvyModule.Artifact: url='plugins/java/lib/modules', name='intellij.java.featuresTrainer', ext='jar'.
[org.jetbrains.intellij.platform] Rewriting Ivy module 'IC-251.23774.435/bundledPlugin-com.intellij.java-IC-251.23774.435.xml' detected. Paths match '/home/anonim/.gradle/caches/9.3.0/transforms/cd783a3061b27cc6a4e11beaadf12694/transformed/ideaIC-2025.1/plugins/java', the cached value will used.
[org.jetbrains.intellij.platform] Created IvyModule.Artifact: url='lib/modules', name='intellij.platform.collaborationTools', ext='jar'.
[org.jetbrains.intellij.platform] Created IvyModule.Artifact: url='lib/modules', name='intellij.platform.vcs.dvcs.impl', ext='jar'.
[org.jetbrains.intellij.platform] Created IvyModule.Artifact: url='lib/modules', name='intellij.platform.vcs.log.impl', ext='jar'.
[org.jetbrains.intellij.platform] Created IvyModule.Artifact: url='lib/modules', name='intellij.platform.vcs.impl', ext='jar'.
[org.jetbrains.intellij.platform] Created IvyModule.Artifact: url='lib/modules', name='intellij.libraries.microba', ext='jar'.
[org.jetbrains.intellij.platform] Created IvyModule.Artifact: url='lib/modules', name='intellij.platform.vcs.impl.shared', ext='jar'.
[org.jetbrains.intellij.platform] Created IvyModule.Artifact: url='lib/modules', name='intellij.platform.vcs.impl.shared', ext='jar'.
[org.jetbrains.intellij.platform] An attempt to rewrite an already created Ivy module 'IC-251.23774.435/bundledModule-intellij.platform.vcs.impl.shared-IC-251.23774.435.xml' has been detected, the cached value will be used.
[org.jetbrains.intellij.platform] Created IvyModule.Artifact: url='lib/modules', name='intellij.platform.vcs.impl.backend', ext='jar'.
[org.jetbrains.intellij.platform] Created IvyModule.Artifact: url='lib/modules', name='intellij.platform.kernel.backend', ext='jar'.
[org.jetbrains.intellij.platform] Created IvyModule.Artifact: url='lib/modules', name='intellij.platform.rpc.backend', ext='jar'.
[org.jetbrains.intellij.platform] Created IvyModule.Artifact: url='lib/modules', name='intellij.platform.vcs.impl', ext='jar'.
[org.jetbrains.intellij.platform] An attempt to rewrite an already created Ivy module 'IC-251.23774.435/bundledModule-intellij.platform.vcs.impl-IC-251.23774.435.xml' has been detected, the cached value will be used.
[org.jetbrains.intellij.platform] Created IvyModule.Artifact: url='lib/modules', name='intellij.platform.vcs.impl.shared', ext='jar'.
[org.jetbrains.intellij.platform] An attempt to rewrite an already created Ivy module 'IC-251.23774.435/bundledModule-intellij.platform.vcs.impl.shared-IC-251.23774.435.xml' has been detected, the cached value will be used.
[org.jetbrains.intellij.platform] Created IvyModule.Artifact: url='lib/modules', name='intellij.platform.vcs.impl.shared', ext='jar'.
[org.jetbrains.intellij.platform] An attempt to rewrite an already created Ivy module 'IC-251.23774.435/bundledModule-intellij.platform.vcs.impl.shared-IC-251.23774.435.xml' has been detected, the cached value will be used.
[org.jetbrains.intellij.platform] Created IvyModule.Artifact: url='lib/modules', name='intellij.platform.vcs.dvcs.impl.shared', ext='jar'.
[org.jetbrains.intellij.platform] Created IvyModule.Artifact: url='lib/modules', name='intellij.platform.vcs.log.impl', ext='jar'.
[org.jetbrains.intellij.platform] An attempt to rewrite an already created Ivy module 'IC-251.23774.435/bundledModule-intellij.platform.vcs.log.impl-IC-251.23774.435.xml' has been detected, the cached value will be used.
[org.jetbrains.intellij.platform] Created IvyModule.Artifact: url='lib/modules', name='intellij.platform.vcs.dvcs.impl.shared', ext='jar'.
[org.jetbrains.intellij.platform] An attempt to rewrite an already created Ivy module 'IC-251.23774.435/bundledModule-intellij.platform.vcs.dvcs.impl.shared-IC-251.23774.435.xml' has been detected, the cached value will be used.
Path for java installation '/usr/lib/jvm/openjdk-21' (Common Linux Locations) auto-detected does not contain a java executable
Tasks to be executed: [task ':checkKotlinGradlePluginConfigurationErrors', task ':compileKotlin', task ':compileJava', task ':initializeIntellijPlatformPlugin', task ':patchPluginXml', task ':processResources', task ':classes', task ':generateManifest', task ':instrumentCode', task ':jar', task ':compileTestKotlin', task ':compileTestJava', task ':processTestResources', task ':testClasses', task ':instrumentTestCode', task ':instrumentedJar', task ':composedJar', task ':prepareTestSandbox', task ':prepareTest', task ':test']
Tasks that were excluded: []
Resolve mutations for :checkKotlinGradlePluginConfigurationErrors (Thread[#9608,Execution worker,5,main]) started.
:checkKotlinGradlePluginConfigurationErrors (Thread[#9608,Execution worker,5,main]) started.

> Task :checkKotlinGradlePluginConfigurationErrors SKIPPED
Skipping task ':checkKotlinGradlePluginConfigurationErrors' as task onlyIf 'errorDiagnostics are present' is false.
Resolve mutations for :compileKotlin (Thread[#9608,Execution worker,5,main]) started.
:compileKotlin (Thread[#9608,Execution worker,5,main]) started.

> Task :compileKotlin UP-TO-DATE
Caching disabled for task ':compileKotlin' because:
  Build cache is disabled
Skipping task ':compileKotlin' as it is up-to-date.
Resolve mutations for :compileJava (Thread[#9608,Execution worker,5,main]) started.
:compileJava (Thread[#9608,Execution worker,5,main]) started.

> Task :compileJava UP-TO-DATE
Caching disabled for task ':compileJava' because:
  Build cache is disabled
Skipping task ':compileJava' as it is up-to-date.
No compile result for :compileJava
Resolve mutations for :initializeIntellijPlatformPlugin (Thread[#9608,Execution worker,5,main]) started.
:initializeIntellijPlatformPlugin (Thread[#9608,Execution worker,5,main]) started.

> Task :initializeIntellijPlatformPlugin
Caching disabled for task ':initializeIntellijPlatformPlugin' because:
  Build cache is disabled
Task ':initializeIntellijPlatformPlugin' is not up-to-date because:
  Task is untracked because: Should always run
Resolve mutations for :patchPluginXml (Thread[#9608,Execution worker,5,main]) started.
:patchPluginXml (Thread[#9608,Execution worker,5,main]) started.

> Task :patchPluginXml UP-TO-DATE
Caching disabled for task ':patchPluginXml' because:
  Build cache is disabled
Skipping task ':patchPluginXml' as it is up-to-date.
Resolve mutations for :processResources (Thread[#9608,Execution worker,5,main]) started.
:processResources (Thread[#9616,Execution worker Thread 9,5,main]) started.

> Task :processResources UP-TO-DATE
Caching disabled for task ':processResources' because:
  Build cache is disabled
  Not worth caching
Skipping task ':processResources' as it is up-to-date.
Resolve mutations for :classes (Thread[#9616,Execution worker Thread 9,5,main]) started.
:classes (Thread[#9616,Execution worker Thread 9,5,main]) started.

> Task :classes UP-TO-DATE
Skipping task ':classes' as it has no actions.
Resolve mutations for :generateManifest (Thread[#9616,Execution worker Thread 9,5,main]) started.
:generateManifest (Thread[#9616,Execution worker Thread 9,5,main]) started.

> Task :generateManifest UP-TO-DATE
Caching disabled for task ':generateManifest' because:
  Build cache is disabled
Skipping task ':generateManifest' as it is up-to-date.
Resolve mutations for :instrumentCode (Thread[#9616,Execution worker Thread 9,5,main]) started.
:instrumentCode (Thread[#9616,Execution worker Thread 9,5,main]) started.

> Task :instrumentCode UP-TO-DATE
Caching disabled for task ':instrumentCode' because:
  Build cache is disabled
Skipping task ':instrumentCode' as it is up-to-date.
Resolve mutations for :jar (Thread[#9616,Execution worker Thread 9,5,main]) started.
:jar (Thread[#9608,Execution worker,5,main]) started.

> Task :jar UP-TO-DATE
Caching disabled for task ':jar' because:
  Build cache is disabled
  Not worth caching
Skipping task ':jar' as it is up-to-date.
Resolve mutations for :compileTestKotlin (Thread[#9608,Execution worker,5,main]) started.
:compileTestKotlin (Thread[#9608,Execution worker,5,main]) started.

> Task :compileTestKotlin UP-TO-DATE
Caching disabled for task ':compileTestKotlin' because:
  Build cache is disabled
Skipping task ':compileTestKotlin' as it is up-to-date.
Resolve mutations for :compileTestJava (Thread[#9608,Execution worker,5,main]) started.
:compileTestJava (Thread[#9622,Execution worker Thread 15,5,main]) started.

> Task :compileTestJava NO-SOURCE
Skipping task ':compileTestJava' as it has no source files and no previous output files.
Resolve mutations for :processTestResources (Thread[#9622,Execution worker Thread 15,5,main]) started.
:processTestResources (Thread[#9622,Execution worker Thread 15,5,main]) started.

> Task :processTestResources UP-TO-DATE
Caching disabled for task ':processTestResources' because:
  Build cache is disabled
  Not worth caching
Skipping task ':processTestResources' as it is up-to-date.
Resolve mutations for :testClasses (Thread[#9622,Execution worker Thread 15,5,main]) started.
:testClasses (Thread[#9622,Execution worker Thread 15,5,main]) started.

> Task :testClasses UP-TO-DATE
Skipping task ':testClasses' as it has no actions.
Resolve mutations for :instrumentTestCode (Thread[#9612,Execution worker Thread 5,5,main]) started.
:instrumentTestCode (Thread[#9622,Execution worker Thread 15,5,main]) started.

> Task :instrumentTestCode UP-TO-DATE
file or directory '/home/anonim/IdeaProjects/AOP/src/test/java', not found
Caching disabled for task ':instrumentTestCode' because:
  Build cache is disabled
Skipping task ':instrumentTestCode' as it is up-to-date.
Resolve mutations for :instrumentedJar (Thread[#9622,Execution worker Thread 15,5,main]) started.
:instrumentedJar (Thread[#9622,Execution worker Thread 15,5,main]) started.

> Task :instrumentedJar UP-TO-DATE
Caching disabled for task ':instrumentedJar' because:
  Build cache is disabled
Skipping task ':instrumentedJar' as it is up-to-date.
Resolve mutations for :composedJar (Thread[#9622,Execution worker Thread 15,5,main]) started.
:composedJar (Thread[#9622,Execution worker Thread 15,5,main]) started.

> Task :composedJar UP-TO-DATE
Caching disabled for task ':composedJar' because:
  Build cache is disabled
Skipping task ':composedJar' as it is up-to-date.
Resolve mutations for :prepareTestSandbox (Thread[#9622,Execution worker Thread 15,5,main]) started.
:prepareTestSandbox (Thread[#9622,Execution worker Thread 15,5,main]) started.

> Task :prepareTestSandbox UP-TO-DATE
Caching disabled for task ':prepareTestSandbox' because:
  Build cache is disabled
  Not worth caching
Skipping task ':prepareTestSandbox' as it is up-to-date.
Resolve mutations for :prepareTest (Thread[#9622,Execution worker Thread 15,5,main]) started.
:prepareTest (Thread[#9622,Execution worker Thread 15,5,main]) started.

> Task :prepareTest
Skipping task ':prepareTest' as it has no actions.
Resolve mutations for :test (Thread[#9622,Execution worker Thread 15,5,main]) started.
:test (Thread[#9622,Execution worker Thread 15,5,main]) started.
Gradle Test Executor 57 started executing tests.

> Task :test
Caching disabled for task ':test' because:
  Build cache is disabled
Task ':test' is not up-to-date because:
  Task has failed previously.
file or directory '/home/anonim/IdeaProjects/AOP/build/classes/java/test', not found
Starting process 'Gradle Test Executor 57'. Working directory: /home/anonim/IdeaProjects/AOP Command: /home/anonim/.gradle/caches/9.3.0/transforms/cd783a3061b27cc6a4e11beaadf12694/transformed/ideaIC-2025.1/jbr/bin/java -Daether.connector.resumeDownloads=false -Dawt.lock.fair=true -Dcompose.swing.render.on.graphics=true -Didea.classpath.index.enabled=false -Didea.config.path=/home/anonim/IdeaProjects/AOP/.intellijPlatform/sandbox/AOP/IC-2025.1/config-test -Didea.force.use.core.classloader=true -Didea.kotlin.plugin.use.k2=true -Didea.log.path=/home/anonim/IdeaProjects/AOP/.intellijPlatform/sandbox/AOP/IC-2025.1/log-test -Didea.paths.selector=IdeaIC2025.1 -Didea.platform.prefix=Idea -Didea.plugins.path=/home/anonim/IdeaProjects/AOP/.intellijPlatform/sandbox/AOP/IC-2025.1/plugins-test -Didea.system.path=/home/anonim/IdeaProjects/AOP/.intellijPlatform/sandbox/AOP/IC-2025.1/system-test -Didea.use.core.classloader.for.plugin.path=true -Didea.vendor.name=JetBrains -Dintellij.platform.runtime.repository.path=/home/anonim/.gradle/caches/9.3.0/transforms/cd783a3061b27cc6a4e11beaadf12694/transformed/ideaIC-2025.1/modules/module-descriptors.jar -Dintellij.testFramework.rethrow.logged.errors=true -Dio.netty.allocator.type=pooled -Djava.system.class.loader=com.intellij.util.lang.PathClassLoader -Djava.util.zip.use.nio.for.zip.file.access=true -Djbr.catch.SIGABRT=true -Djdk.attach.allowAttachSelf=true -Djdk.http.auth.tunneling.disabledSchemes="" -Djdk.module.illegalAccess.silent=true -Djdk.nio.maxCachedBufferSize=2097152 -Djna.boot.library.path=/home/anonim/.gradle/caches/9.3.0/transforms/cd783a3061b27cc6a4e11beaadf12694/transformed/ideaIC-2025.1/lib/jna/amd64 -Djna.noclasspath=true -Djna.nosys=true -Dllm.show.ai.promotion.window.on.start=false -Dorg.gradle.internal.worker.tmpdir=/home/anonim/IdeaProjects/AOP/build/tmp/test/work -Dplugin.path=/home/anonim/IdeaProjects/AOP/.intellijPlatform/sandbox/AOP/IC-2025.1/plugins-test/AOP -Dpty4j.preferred.native.folder=/home/anonim/.gradle/caches/9.3.0/transforms/cd783a3061b27cc6a4e11beaadf12694/transformed/ideaIC-2025.1/lib/pty4j -Drider.tests.plugin.home.path=/home/anonim/IdeaProjects/AOP -Dsplash=true -Dsun.io.useCanonCaches=false -Dsun.java2d.metal=true -Dsun.tools.attach.tmp.only=true -XX:ReservedCodeCacheSize=512m -XX:+HeapDumpOnOutOfMemoryError -XX:-OmitStackTraceInFastThrow -XX:CICompilerCount=2 -XX:+IgnoreUnrecognizedVMOptions -XX:+UnlockDiagnosticVMOptions -XX:TieredOldPercentage=100000 -Xbootclasspath/a:/home/anonim/.gradle/caches/9.3.0/transforms/cd783a3061b27cc6a4e11beaadf12694/transformed/ideaIC-2025.1/lib/nio-fs.jar --add-opens=java.base/java.io=ALL-UNNAMED --add-opens=java.base/java.lang=ALL-UNNAMED --add-opens=java.base/java.lang.ref=ALL-UNNAMED --add-opens=java.base/java.lang.reflect=ALL-UNNAMED --add-opens=java.base/java.net=ALL-UNNAMED --add-opens=java.base/java.nio=ALL-UNNAMED --add-opens=java.base/java.nio.charset=ALL-UNNAMED --add-opens=java.base/java.text=ALL-UNNAMED --add-opens=java.base/java.time=ALL-UNNAMED --add-opens=java.base/java.util=ALL-UNNAMED --add-opens=java.base/java.util.concurrent=ALL-UNNAMED --add-opens=java.base/java.util.concurrent.atomic=ALL-UNNAMED --add-opens=java.base/java.util.concurrent.locks=ALL-UNNAMED --add-opens=java.base/jdk.internal.vm=ALL-UNNAMED --add-opens=java.base/sun.net.dns=ALL-UNNAMED --add-opens=java.base/sun.nio.ch=ALL-UNNAMED --add-opens=java.base/sun.nio.fs=ALL-UNNAMED --add-opens=java.base/sun.security.ssl=ALL-UNNAMED --add-opens=java.base/sun.security.util=ALL-UNNAMED --add-opens=java.desktop/com.sun.java.swing=ALL-UNNAMED --add-opens=java.desktop/com.sun.java.swing.plaf.gtk=ALL-UNNAMED --add-opens=java.desktop/java.awt=ALL-UNNAMED --add-opens=java.desktop/java.awt.dnd.peer=ALL-UNNAMED --add-opens=java.desktop/java.awt.event=ALL-UNNAMED --add-opens=java.desktop/java.awt.font=ALL-UNNAMED --add-opens=java.desktop/java.awt.image=ALL-UNNAMED --add-opens=java.desktop/java.awt.peer=ALL-UNNAMED --add-opens=java.desktop/javax.swing=ALL-UNNAMED --add-opens=java.desktop/javax.swing.plaf.basic=ALL-UNNAMED --add-opens=java.desktop/javax.swing.text=ALL-UNNAMED --add-opens=java.desktop/javax.swing.text.html=ALL-UNNAMED --add-opens=java.desktop/sun.awt=ALL-UNNAMED --add-opens=java.desktop/sun.awt.X11=ALL-UNNAMED --add-opens=java.desktop/sun.awt.datatransfer=ALL-UNNAMED --add-opens=java.desktop/sun.awt.image=ALL-UNNAMED --add-opens=java.desktop/sun.font=ALL-UNNAMED --add-opens=java.desktop/sun.java2d=ALL-UNNAMED --add-opens=java.desktop/sun.swing=ALL-UNNAMED --add-opens=java.management/sun.management=ALL-UNNAMED --add-opens=jdk.attach/sun.tools.attach=ALL-UNNAMED --add-opens=jdk.compiler/com.sun.tools.javac.api=ALL-UNNAMED --add-opens=jdk.internal.jvmstat/sun.jvmstat.monitor=ALL-UNNAMED --add-opens=jdk.jdi/com.sun.tools.jdi=ALL-UNNAMED -javaagent:/home/anonim/IdeaProjects/AOP/.intellijPlatform/coroutines-javaagent-legacy.jar @/home/anonim/.gradle/.tmp/gradle-worker-classpath3448729127630549096txt -Xms128m -Xmx2048m -Dfile.encoding=UTF-8 -Duser.country=US -Duser.language=en -Duser.variant -ea worker.org.gradle.process.internal.worker.GradleWorkerMain 'Gradle Test Executor 57'
Successfully started process 'Gradle Test Executor 57'
[0.006s][warning][cds] Archived non-system classes are disabled because the java.system.class.loader property is specified (value = "com.intellij.util.lang.PathClassLoader"). To use archived non-system classes, this property must not be set

Gradle Test Executor 57 STANDARD_ERROR
    Configuration file for j.u.l.LogManager does not exist: /home/anonim/.gradle/caches/9.3.0/transforms/cd783a3061b27cc6a4e11beaadf12694/transformed/ideaIC-2025.1/test-log.properties

Gradle Test Executor 57 STANDARD_OUT
    Test log file: /home/anonim/IdeaProjects/AOP/.intellijPlatform/sandbox/AOP/IC-2025.1/log-test/idea.log

AspectJCrossFileReferenceTest > testPointcutReferenceResolvesAcrossFiles STANDARD_ERROR

    23:03:27,817 FINE   .intellij.openapi.command.impl - executeCommand: com.intellij.openapi.command.WriteCommandAction$BuilderImpl$$Lambda/0x00007685acd137a8@4c11ff93, name = Undefined, groupId = null, in command = <null>, in transparent action = false 
    23:03:27,819 FINE   i.vfs.newvfs.AsyncEventSupport - Processing [VfsEvent[create (empty) dir 'temp:///src/lib'] with 0 children] 
    23:03:27,820 FINE   fs.persistent.PersistentFSImpl - Applying VfsEvent[create (empty) dir 'temp:///src/lib'] with 0 children 
    23:03:27,821 FINE   fs.impl.VirtualFileManagerImpl - fileCreated: file = temp:///src/lib, requestor = com.intellij.testFramework.fixtures.impl.LightTempDirTestFixtureImpl@64b3c11f 
    23:03:27,821 FINE   pl.PushedFilePropertiesUpdater - File changed: /src/lib. 
    event:VfsEvent[create (empty) dir 'temp:///src/lib'] with 0 children 
    23:03:27,822 FINE   tellij.psi.impl.PsiManagerImpl - beforePropertyChange: element = null, propertyName = propUnloadedPsi, oldValue = null 
    23:03:27,822 FINE   tellij.psi.impl.PsiManagerImpl - propertyChanged: element = null, propertyName = propUnloadedPsi, oldValue = null, newValue = null 
    23:03:27,823 FINE   on.impl.DaemonCodeAnalyzerImpl - Stopping process: toRestartAlarm true myDisposed false reason: 'Write action finish' 
    23:03:27,823 FINE   on.impl.DaemonCodeAnalyzerImpl - Rescheduling highlighting: isDone true 
    23:03:27,824 FINE   testFramework.IndexingTestUtil - waitUntilFinished, thread=Thread[#38,AWT-EventQueue-0,6,main], WA=true 
    23:03:27,824 FINE   on.impl.DaemonCodeAnalyzerImpl - Stopping process: toRestartAlarm true myDisposed false reason: 'Write action finish' 
    23:03:27,824 FINE   on.impl.DaemonCodeAnalyzerImpl - Rescheduling highlighting: isDone false 
    23:03:27,824 FINE   i.vfs.newvfs.AsyncEventSupport - Processing [VfsEvent[create file 'temp:///src/lib/Shared.aj']] 
    23:03:27,825 FINE   fs.persistent.PersistentFSImpl - Applying VfsEvent[create file 'temp:///src/lib/Shared.aj'] 
    23:03:27,825 FINE   fs.impl.VirtualFileManagerImpl - fileCreated: file = temp:///src/lib/Shared.aj, requestor = com.intellij.testFramework.fixtures.impl.LightTempDirTestFixtureImpl@64b3c11f 
    23:03:27,826 FINE   pl.PushedFilePropertiesUpdater - File changed: /src/lib/Shared.aj. 
    event:VfsEvent[create file 'temp:///src/lib/Shared.aj'] 
    23:03:27,826 FINE   tellij.psi.impl.PsiManagerImpl - beforePropertyChange: element = null, propertyName = propUnloadedPsi, oldValue = null 
    23:03:27,826 FINE   tellij.psi.impl.PsiManagerImpl - propertyChanged: element = null, propertyName = propUnloadedPsi, oldValue = null, newValue = null 
    23:03:27,826 FINE   on.impl.DaemonCodeAnalyzerImpl - Stopping process: toRestartAlarm true myDisposed false reason: 'Write action finish' 
    23:03:27,826 FINE   on.impl.DaemonCodeAnalyzerImpl - Rescheduling highlighting: isDone false 
    23:03:27,827 FINE   i.vfs.newvfs.AsyncEventSupport - Processing [VfsEvent[update: /src/lib/Shared.aj, oldTimestamp:18, newTimestamp:-1, oldModificationStamp:0, newModificationStamp:19, oldLength:0, newLength:77]] 
    23:03:27,827 FINE   fs.impl.VirtualFileManagerImpl - beforeContentsChange: file = temp:///src/lib/Shared.aj, requestor = temp:///src/lib/Shared.aj 
    23:03:27,827 FINE   tellij.psi.impl.PsiManagerImpl - beforePropertyChange: element = null, propertyName = propUnloadedPsi, oldValue = null 
    23:03:27,827 FINE   tellij.psi.impl.PsiManagerImpl - propertyChanged: element = null, propertyName = propUnloadedPsi, oldValue = null, newValue = null 
    23:03:27,828 FINE   fs.impl.VirtualFileManagerImpl - contentsChanged: file = temp:///src/lib/Shared.aj, requestor = temp:///src/lib/Shared.aj 
    23:03:27,828 FINE   pl.PushedFilePropertiesUpdater - File changed: /src/lib/Shared.aj. 
    event:VfsEvent[update: /src/lib/Shared.aj, oldTimestamp:18, newTimestamp:-1, oldModificationStamp:0, newModificationStamp:19, oldLength:0, newLength:77] 
    23:03:27,828 FINE   on.impl.DaemonCodeAnalyzerImpl - Stopping process: toRestartAlarm true myDisposed false reason: 'Write action finish' 
    23:03:27,828 FINE   on.impl.DaemonCodeAnalyzerImpl - Rescheduling highlighting: isDone false 
    23:03:27,828 FINE   tellij.psi.impl.PsiManagerImpl - beforePropertyChange: element = null, propertyName = propUnloadedPsi, oldValue = null 
    23:03:27,828 FINE   tellij.psi.impl.PsiManagerImpl - propertyChanged: element = null, propertyName = propUnloadedPsi, oldValue = null, newValue = null 
    23:03:27,828 FINE   on.impl.DaemonCodeAnalyzerImpl - Stopping process: toRestartAlarm true myDisposed false reason: 'Write action finish' 
    23:03:27,828 FINE   on.impl.DaemonCodeAnalyzerImpl - Rescheduling highlighting: isDone false 
    23:03:27,828 FINE   testFramework.IndexingTestUtil - waitUntilFinished, thread=Thread[#38,AWT-EventQueue-0,6,main], WA=true 
    23:03:27,828 FINE   on.impl.DaemonCodeAnalyzerImpl - Stopping process: toRestartAlarm true myDisposed false reason: 'Write action finish' 
    23:03:27,828 FINE   on.impl.DaemonCodeAnalyzerImpl - Rescheduling highlighting: isDone false 
    23:03:27,828 FINE   testFramework.IndexingTestUtil - waitNow, thread=Thread[#38,AWT-EventQueue-0,6,main] 
    23:03:27,829 FINE   testFramework.IndexingTestUtil - waitNow, thread=Thread[#38,AWT-EventQueue-0,6,main] 
    23:03:27,829 FINE   on.impl.DaemonCodeAnalyzerImpl - Stopping process: toRestartAlarm true myDisposed false reason: 'Command finish' 
    23:03:27,829 FINE   on.impl.DaemonCodeAnalyzerImpl - Rescheduling highlighting: isDone false 
    23:03:27,830 FINE   .intellij.openapi.command.impl - finishCommand: name = Undefined, groupId = null 
    23:03:27,830 FINE   .intellij.openapi.command.impl - executeCommand: com.intellij.openapi.command.WriteCommandAction$BuilderImpl$$Lambda/0x00007685acd137a8@52477d9c, name = Undefined, groupId = null, in command = <null>, in transparent action = false 
    23:03:27,830 FINE   testFramework.IndexingTestUtil - waitUntilFinished, thread=Thread[#38,AWT-EventQueue-0,6,main], WA=true 
    23:03:27,830 FINE   on.impl.DaemonCodeAnalyzerImpl - Stopping process: toRestartAlarm true myDisposed false reason: 'Write action finish' 
    23:03:27,830 FINE   on.impl.DaemonCodeAnalyzerImpl - Rescheduling highlighting: isDone false 
    23:03:27,831 FINE   i.vfs.newvfs.AsyncEventSupport - Processing [VfsEvent[create file 'temp:///src/Use.aj']] 
    23:03:27,831 FINE   fs.persistent.PersistentFSImpl - Applying VfsEvent[create file 'temp:///src/Use.aj'] 
    23:03:27,831 FINE   fs.impl.VirtualFileManagerImpl - fileCreated: file = temp:///src/Use.aj, requestor = com.intellij.testFramework.fixtures.impl.LightTempDirTestFixtureImpl@64b3c11f 
    23:03:27,831 FINE   pl.PushedFilePropertiesUpdater - File changed: /src/Use.aj. 
    event:VfsEvent[create file 'temp:///src/Use.aj'] 
    23:03:27,832 FINE   tellij.psi.impl.PsiManagerImpl - beforeChildAddition: event = PsiTreeChangeEventImpl{BEFORE_CHILD_ADDITION} 
    23:03:27,832 FINE   tellij.psi.impl.PsiManagerImpl - childAdded: child = com.intellij.psi.impl.source.PsiPlainTextFileImpl, parent = com.intellij.psi.impl.file.PsiJavaDirectoryImpl 
    23:03:27,832 FINE   on.impl.DaemonCodeAnalyzerImpl - Stopping process: toRestartAlarm true myDisposed false reason: 'Write action finish' 
    23:03:27,832 FINE   on.impl.DaemonCodeAnalyzerImpl - Rescheduling highlighting: isDone false 
    23:03:27,833 FINE   i.vfs.newvfs.AsyncEventSupport - Processing [VfsEvent[update: /src/Use.aj, oldTimestamp:21, newTimestamp:-1, oldModificationStamp:0, newModificationStamp:22, oldLength:0, newLength:53]] 
    23:03:27,833 FINE   fs.impl.VirtualFileManagerImpl - beforeContentsChange: file = temp:///src/Use.aj, requestor = temp:///src/Use.aj 
    23:03:27,833 FINE   tellij.psi.impl.PsiManagerImpl - beforeChildrenChange: parent = com.intellij.psi.impl.source.PsiPlainTextFileImpl 
    23:03:27,833 FINE   tellij.psi.impl.PsiManagerImpl - beforeChildrenChange: parent = com.intellij.psi.impl.source.PsiPlainTextFileImpl 
    23:03:27,834 FINE   tellij.psi.impl.PsiManagerImpl - childrenChanged: parent = com.intellij.psi.impl.source.PsiPlainTextFileImpl 
    23:03:27,834 FINE   tellij.psi.impl.PsiManagerImpl - childrenChanged: parent = com.intellij.psi.impl.source.PsiPlainTextFileImpl 
    23:03:27,834 FINE   on.impl.DaemonCodeAnalyzerImpl - Stopping process: toRestartAlarm true myDisposed false reason: 'Write action finish' 
    23:03:27,834 FINE   on.impl.DaemonCodeAnalyzerImpl - Rescheduling highlighting: isDone false 
    23:03:27,834 FINE   fs.impl.VirtualFileManagerImpl - contentsChanged: file = temp:///src/Use.aj, requestor = temp:///src/Use.aj 
    23:03:27,835 FINE   pl.PushedFilePropertiesUpdater - File changed: /src/Use.aj. 
    event:VfsEvent[update: /src/Use.aj, oldTimestamp:21, newTimestamp:-1, oldModificationStamp:0, newModificationStamp:22, oldLength:0, newLength:53] 
    23:03:27,835 FINE   on.impl.DaemonCodeAnalyzerImpl - Stopping process: toRestartAlarm true myDisposed false reason: 'Write action finish' 
    23:03:27,835 FINE   on.impl.DaemonCodeAnalyzerImpl - Rescheduling highlighting: isDone false 
    23:03:27,835 FINE   tellij.psi.impl.PsiManagerImpl - beforePropertyChange: element = null, propertyName = propUnloadedPsi, oldValue = null 
    23:03:27,835 FINE   tellij.psi.impl.PsiManagerImpl - propertyChanged: element = null, propertyName = propUnloadedPsi, oldValue = null, newValue = null 
    23:03:27,835 FINE   on.impl.DaemonCodeAnalyzerImpl - Stopping process: toRestartAlarm true myDisposed false reason: 'Write action finish' 
    23:03:27,835 FINE   on.impl.DaemonCodeAnalyzerImpl - Rescheduling highlighting: isDone false 
    23:03:27,835 FINE   testFramework.IndexingTestUtil - waitUntilFinished, thread=Thread[#38,AWT-EventQueue-0,6,main], WA=true 
    23:03:27,835 FINE   on.impl.DaemonCodeAnalyzerImpl - Stopping process: toRestartAlarm true myDisposed false reason: 'Write action finish' 
    23:03:27,835 FINE   on.impl.DaemonCodeAnalyzerImpl - Rescheduling highlighting: isDone false 
    23:03:27,835 FINE   testFramework.IndexingTestUtil - waitNow, thread=Thread[#38,AWT-EventQueue-0,6,main] 
    23:03:27,835 FINE   testFramework.IndexingTestUtil - waitNow, thread=Thread[#38,AWT-EventQueue-0,6,main] 
    23:03:27,836 FINE   on.impl.DaemonCodeAnalyzerImpl - Stopping process: toRestartAlarm true myDisposed false reason: 'Command finish' 
    23:03:27,836 FINE   on.impl.DaemonCodeAnalyzerImpl - Rescheduling highlighting: isDone false 
    23:03:27,836 FINE   .command.impl.StacksHolderBase - Adding to undo stacks: UndoableGroup[project=Project(name=PointcutReferenceResolvesAcrossFiles, containerState=COMPONENT_CREATED, componentStore=/tmp/unitTest_crossFileUsageDoesNotLookUndefined_3CxOYsKlPSiRvitBncQKAMlYdV2/light_temp_3CxOYzS9dKCl0kj7klJrEdiLvzb.ipr), name=Undefined, global=true, transparent=false, stamp=9, policy=DO_NOT_REQUEST_CONFIRMATION, temporary=false, valid=true, actions=com.intellij.openapi.command.impl.UndoRedoList@16a3e5fd, documents=[temp:///src/lib, temp:///src/lib/Shared.aj]] 
    23:03:27,836 FINE   .intellij.openapi.command.impl - finishCommand: name = Undefined, groupId = null 
    23:03:27,836 FINE   .intellij.openapi.command.impl - executeCommand: com.intellij.openapi.command.WriteCommandAction$BuilderImpl$$Lambda/0x00007685acd137a8@757a56b3, name = Undefined, groupId = null, in command = <null>, in transparent action = false 
    23:03:27,837 FINE   on.impl.DaemonCodeAnalyzerImpl - Stopping process: toRestartAlarm true myDisposed false reason: 'Write action finish' 
    23:03:27,837 FINE   on.impl.DaemonCodeAnalyzerImpl - Rescheduling highlighting: isDone false 
    23:03:27,837 FINE   on.impl.DaemonCodeAnalyzerImpl - Stopping process: toRestartAlarm true myDisposed false reason: 'Command finish' 
    23:03:27,837 FINE   on.impl.DaemonCodeAnalyzerImpl - Rescheduling highlighting: isDone false 
    23:03:27,837 FINE   .command.impl.StacksHolderBase - Adding to undo stacks: UndoableGroup[project=Project(name=PointcutReferenceResolvesAcrossFiles, containerState=COMPONENT_CREATED, componentStore=/tmp/unitTest_crossFileUsageDoesNotLookUndefined_3CxOYsKlPSiRvitBncQKAMlYdV2/light_temp_3CxOYzS9dKCl0kj7klJrEdiLvzb.ipr), name=Undefined, global=true, transparent=false, stamp=10, policy=DO_NOT_REQUEST_CONFIRMATION, temporary=false, valid=true, actions=com.intellij.openapi.command.impl.UndoRedoList@5803864f, documents=[temp:///src/Use.aj]] 
    23:03:27,837 FINE   .intellij.openapi.command.impl - finishCommand: name = Undefined, groupId = null 
    23:03:27,837 FINE   .intellij.openapi.command.impl - executeCommand: com.intellij.openapi.command.WriteCommandAction$BuilderImpl$$Lambda/0x00007685acd137a8@6f700d04, name = Undefined, groupId = null, in command = <null>, in transparent action = false 
    23:03:27,837 FINE   on.impl.DaemonCodeAnalyzerImpl - Stopping process: toRestartAlarm true myDisposed false reason: 'Write action finish' 
    23:03:27,838 FINE   on.impl.DaemonCodeAnalyzerImpl - Rescheduling highlighting: isDone false 
    23:03:27,838 FINE   on.impl.DaemonCodeAnalyzerImpl - Stopping process: toRestartAlarm true myDisposed false reason: 'Command finish' 
    23:03:27,838 FINE   on.impl.DaemonCodeAnalyzerImpl - Rescheduling highlighting: isDone false 
    23:03:27,838 FINE   .intellij.openapi.command.impl - finishCommand: name = Undefined, groupId = null 
    23:03:27,838 FINE   i.vfs.newvfs.AsyncEventSupport - Processing [VfsEvent[update: /src/Use.aj, oldTimestamp:23, newTimestamp:-1, oldModificationStamp:22, newModificationStamp:26, oldLength:53, newLength:53]] 
    23:03:27,838 FINE   fs.impl.VirtualFileManagerImpl - beforeContentsChange: file = temp:///src/Use.aj, requestor = temp:///src/Use.aj 
    23:03:27,839 FINE   tellij.psi.impl.PsiManagerImpl - beforeChildrenChange: parent = com.intellij.psi.impl.source.PsiPlainTextFileImpl 
    23:03:27,839 FINE   tellij.psi.impl.PsiManagerImpl - beforeChildrenChange: parent = com.intellij.psi.impl.source.PsiPlainTextFileImpl 
    23:03:27,839 FINE   tellij.psi.impl.PsiManagerImpl - childrenChanged: parent = com.intellij.psi.impl.source.PsiPlainTextFileImpl 
    23:03:27,839 FINE   tellij.psi.impl.PsiManagerImpl - childrenChanged: parent = com.intellij.psi.impl.source.PsiPlainTextFileImpl 
    23:03:27,840 FINE   on.impl.DaemonCodeAnalyzerImpl - Stopping process: toRestartAlarm true myDisposed false reason: 'Write action finish' 
    23:03:27,840 FINE   on.impl.DaemonCodeAnalyzerImpl - Rescheduling highlighting: isDone false 
    23:03:27,840 FINE   fs.impl.VirtualFileManagerImpl - contentsChanged: file = temp:///src/Use.aj, requestor = temp:///src/Use.aj 
    23:03:27,840 FINE   pl.PushedFilePropertiesUpdater - File changed: /src/Use.aj. 
    event:VfsEvent[update: /src/Use.aj, oldTimestamp:23, newTimestamp:-1, oldModificationStamp:22, newModificationStamp:26, oldLength:53, newLength:53] 
    23:03:27,840 FINE   on.impl.DaemonCodeAnalyzerImpl - Stopping process: toRestartAlarm true myDisposed false reason: 'Write action finish' 
    23:03:27,840 FINE   on.impl.DaemonCodeAnalyzerImpl - Rescheduling highlighting: isDone false 
    23:03:27,842 FINE   .application.options.CodeStyle - localOrTemp settings for Use.aj 
    23:03:27,843 FINE   .application.options.CodeStyle - localOrTemp settings for Use.aj 
    23:03:27,851 FINE   .application.options.CodeStyle - localOrTemp settings for Use.aj 
    23:03:27,851 FINE   openapi.editor.impl.EditorImpl - Creating editor view of type UNTYPED. 
    Current font size: 13 
    Scaled font size: 13.000000 
    23:03:27,851 FINE   openapi.editor.impl.EditorImpl - Font size overridden for EditorImpl[temp:///src/Use.aj] 
    java.lang.Throwable 
    	at com.intellij.openapi.editor.impl.EditorImpl$MyColorSchemeDelegate.setEditorFontSize(EditorImpl.java:5170) 
    	at com.intellij.openapi.editor.impl.EditorImpl.<init>(EditorImpl.java:517) 
    	at com.intellij.openapi.editor.impl.EditorFactoryImpl.doCreateEditor(EditorFactoryImpl.kt:212) 
    	at com.intellij.openapi.editor.impl.EditorFactoryImpl.createEditor(EditorFactoryImpl.kt:180) 
    	at com.intellij.openapi.editor.impl.EditorFactoryImpl.createEditor(EditorFactoryImpl.kt:145) 
    	at com.intellij.openapi.fileEditor.impl.TestEditorManagerImpl.doOpenTextEditor(TestEditorManagerImpl.kt:465) 
    	at com.intellij.openapi.fileEditor.impl.TestEditorManagerImpl.openFileImpl3(TestEditorManagerImpl.kt:147) 
    	at com.intellij.openapi.fileEditor.impl.TestEditorManagerImpl.doOpenFile(TestEditorManagerImpl.kt:447) 
    	at com.intellij.openapi.fileEditor.impl.TestEditorManagerImpl.openTextEditor(TestEditorManagerImpl.kt:438) 
    	at com.intellij.testFramework.fixtures.impl.CodeInsightTestFixtureImpl.createEditor(CodeInsightTestFixtureImpl.java:1716) 
    	at com.intellij.testFramework.fixtures.impl.CodeInsightTestFixtureImpl.lambda$configureInner$58(CodeInsightTestFixtureImpl.java:1658) 
    	at com.intellij.openapi.application.impl.AnyThreadWriteThreadingSupport.runIntendedWriteActionOnCurrentThread$lambda$7(AnyThreadWriteThreadingSupport.kt:319) 
    	at com.intellij.openapi.application.impl.AnyThreadWriteThreadingSupport.runWriteIntentReadAction$lambda$6(AnyThreadWriteThreadingSupport.kt:274) 
    	at com.intellij.openapi.application.impl.AnyThreadWriteThreadingSupport.runWithTemporaryThreadLocal(AnyThreadWriteThreadingSupport.kt:204) 
    	at com.intellij.openapi.application.impl.AnyThreadWriteThreadingSupport.runWriteIntentReadAction(AnyThreadWriteThreadingSupport.kt:274) 
    	at com.intellij.openapi.application.impl.AnyThreadWriteThreadingSupport.runWriteIntentReadAction(AnyThreadWriteThreadingSupport.kt:222) 
    	at com.intellij.openapi.application.impl.AnyThreadWriteThreadingSupport.runIntendedWriteActionOnCurrentThread(AnyThreadWriteThreadingSupport.kt:318) 
    	at com.intellij.openapi.application.impl.ApplicationImpl.runIntendedWriteActionOnCurrentThread(ApplicationImpl.java:928) 
    	at com.intellij.openapi.application.impl.ApplicationImpl.invokeAndWait(ApplicationImpl.java:475) 
    	at com.intellij.openapi.application.impl.ApplicationImpl.invokeAndWait(ApplicationImpl.java:526) 
    	at com.intellij.testFramework.fixtures.impl.CodeInsightTestFixtureImpl.configureInner(CodeInsightTestFixtureImpl.java:1618) 
    	at com.intellij.testFramework.fixtures.impl.CodeInsightTestFixtureImpl.configureByFileInner(CodeInsightTestFixtureImpl.java:1612) 
    	at com.intellij.testFramework.fixtures.impl.CodeInsightTestFixtureImpl.configureFromExistingVirtualFile(CodeInsightTestFixtureImpl.java:1608) 
    	at org.example.aop.aspectj.AspectJCrossFileReferenceTest.testPointcutReferenceResolvesAcrossFiles(AspectJCrossFileReferenceTest.kt:29) 
    	at java.base/jdk.internal.reflect.DirectMethodHandleAccessor.invoke(DirectMethodHandleAccessor.java:103) 
    	at java.base/java.lang.reflect.Method.invoke(Method.java:580) 
    	at junit.framework.TestCase.runTest(TestCase.java:177) 
    	at com.intellij.testFramework.UsefulTestCase.lambda$runBare$12(UsefulTestCase.java:501) 
    	at com.intellij.testFramework.TestLoggerKt$recordErrorsLoggedInTheCurrentThreadAndReportThemAsFailures$2.invoke(testLogger.kt:99) 
    	at com.intellij.testFramework.TestLoggerKt$recordErrorsLoggedInTheCurrentThreadAndReportThemAsFailures$2.invoke(testLogger.kt:99) 
    	at com.intellij.testFramework.TestLoggerKt.recordErrorsLoggedInTheCurrentThreadAndReportThemAsFailures(testLogger.kt:81) 
    	at com.intellij.testFramework.TestLoggerKt.recordErrorsLoggedInTheCurrentThreadAndReportThemAsFailures(testLogger.kt:99) 
    	at com.intellij.testFramework.UsefulTestCase.lambda$wrapTestRunnable$15(UsefulTestCase.java:533) 
    	at com.intellij.testFramework.UsefulTestCase.runTestRunnable(UsefulTestCase.java:426) 
    	at com.intellij.testFramework.fixtures.BasePlatformTestCase.runTestRunnable(BasePlatformTestCase.java:117) 
    	at com.intellij.testFramework.UsefulTestCase.defaultRunBare(UsefulTestCase.java:442) 
    	at com.intellij.testFramework.UsefulTestCase.lambda$runBare$13(UsefulTestCase.java:515) 
    	at com.intellij.testFramework.EdtTestUtil.lambda$runInEdtAndWait$5(EdtTestUtil.java:92) 
    	at com.intellij.openapi.application.TransactionGuardImpl.runWithWritingAllowed(TransactionGuardImpl.java:240) 
    	at com.intellij.openapi.application.TransactionGuardImpl.access$100(TransactionGuardImpl.java:25) 
    	at com.intellij.openapi.application.TransactionGuardImpl$1.run(TransactionGuardImpl.java:202) 
    	at com.intellij.openapi.application.impl.AnyThreadWriteThreadingSupport.runIntendedWriteActionOnCurrentThread$lambda$7(AnyThreadWriteThreadingSupport.kt:319) 
    	at com.intellij.openapi.application.impl.AnyThreadWriteThreadingSupport.runWriteIntentReadAction$lambda$6(AnyThreadWriteThreadingSupport.kt:274) 
    	at com.intellij.openapi.application.impl.AnyThreadWriteThreadingSupport.runWithTemporaryThreadLocal(AnyThreadWriteThreadingSupport.kt:204) 
    	at com.intellij.openapi.application.impl.AnyThreadWriteThreadingSupport.runWriteIntentReadAction(AnyThreadWriteThreadingSupport.kt:274) 
    	at com.intellij.openapi.application.impl.AnyThreadWriteThreadingSupport.runWriteIntentReadAction(AnyThreadWriteThreadingSupport.kt:222) 
    	at com.intellij.openapi.application.impl.AnyThreadWriteThreadingSupport.runIntendedWriteActionOnCurrentThread(AnyThreadWriteThreadingSupport.kt:318) 
    	at com.intellij.openapi.application.impl.ApplicationImpl.runIntendedWriteActionOnCurrentThread(ApplicationImpl.java:928) 
    	at com.intellij.openapi.application.impl.ApplicationImpl$4.run(ApplicationImpl.java:501) 
    	at com.intellij.openapi.application.impl.AppImplKt.rethrowExceptions$lambda$2(appImpl.kt:66) 
    	at com.intellij.util.concurrency.ChildContext$runInChildContext$1.invoke(propagation.kt:102) 
    	at com.intellij.util.concurrency.ChildContext$runInChildContext$1.invoke(propagation.kt:102) 
    	at com.intellij.util.concurrency.ChildContext.runInChildContext(propagation.kt:108) 
    	at com.intellij.util.concurrency.ChildContext.runInChildContext(propagation.kt:102) 
    	at com.intellij.util.concurrency.ContextRunnable.run(ContextRunnable.java:27) 
    	at com.intellij.openapi.application.impl.AppImplKt.rethrowExceptions$lambda$3(appImpl.kt:77) 
    	at com.intellij.openapi.application.impl.LaterInvocator$1.run(LaterInvocator.java:105) 
    	at com.intellij.openapi.application.impl.FlushQueue.runNextEvent(FlushQueue.java:117) 
    	at com.intellij.openapi.application.impl.FlushQueue.flushNow(FlushQueue.java:43) 
    	at java.desktop/java.awt.event.InvocationEvent.dispatch(InvocationEvent.java:318) 
    	at java.desktop/java.awt.EventQueue.dispatchEventImpl(EventQueue.java:781) 
    	at java.desktop/java.awt.EventQueue$4.run(EventQueue.java:728) 
    	at java.desktop/java.awt.EventQueue$4.run(EventQueue.java:722) 
    	at java.base/java.security.AccessController.doPrivileged(AccessController.java:400) 
    	at java.base/java.security.ProtectionDomain$JavaSecurityAccessImpl.doIntersectionPrivilege(ProtectionDomain.java:87) 
    	at java.desktop/java.awt.EventQueue.dispatchEvent(EventQueue.java:750) 
    	at com.intellij.ide.IdeEventQueue.defaultDispatchEvent(IdeEventQueue.kt:585) 
    	at com.intellij.ide.IdeEventQueue._dispatchEvent(IdeEventQueue.kt:482) 
    	at com.intellij.ide.IdeEventQueue.dispatchEvent$lambda$12$lambda$11$lambda$10$lambda$9(IdeEventQueue.kt:307) 
    	at com.intellij.openapi.progress.impl.CoreProgressManager.computePrioritized(CoreProgressManager.java:864) 
    	at com.intellij.ide.IdeEventQueue.dispatchEvent$lambda$12$lambda$11$lambda$10(IdeEventQueue.kt:306) 
    	at com.intellij.ide.IdeEventQueueKt.performActivity$lambda$3(IdeEventQueue.kt:958) 
    	at com.intellij.openapi.application.TransactionGuardImpl.performActivity(TransactionGuardImpl.java:117) 
    	at com.intellij.ide.IdeEventQueueKt.performActivity(IdeEventQueue.kt:958) 
    	at com.intellij.ide.IdeEventQueue.dispatchEvent$lambda$12(IdeEventQueue.kt:301) 
    	at com.intellij.ide.IdeEventQueue.dispatchEvent(IdeEventQueue.kt:341) 
    	at java.desktop/java.awt.EventDispatchThread.pumpOneEventForFilters(EventDispatchThread.java:207) 
    	at java.desktop/java.awt.EventDispatchThread.pumpEventsForFilter(EventDispatchThread.java:128) 
    	at java.desktop/java.awt.EventDispatchThread.pumpEventsForHierarchy(EventDispatchThread.java:117) 
    	at java.desktop/java.awt.EventDispatchThread.pumpEvents(EventDispatchThread.java:113) 
    	at java.desktop/java.awt.EventDispatchThread.pumpEvents(EventDispatchThread.java:105) 
    	at java.desktop/java.awt.EventDispatchThread.run(EventDispatchThread.java:92) 
     
    23:03:27,852 FINE   .application.options.CodeStyle - localOrTemp settings for Use.aj 
    23:03:27,852 FINE   .application.options.CodeStyle - localOrTemp settings for Use.aj 
    23:03:27,853 FINE   pi.editor.impl.view.LineLayout - Text layout for null (0-18) 
    23:03:27,854 FINE   pi.editor.impl.view.LineLayout - Text layout for null (19-51) 
    23:03:27,858 FINE   .editor.impl.EditorFactoryImpl - number of editors after create: 1 
    23:03:27,859 FINE   .application.options.CodeStyle - localOrTemp settings for Use.aj 
    23:03:27,859 FINE   enapi.editor.impl.SettingsImpl - reinitDocumentIndentOptions, file Use.aj 
    23:03:27,859 FINE   .application.options.CodeStyle - localOrTemp settings for Use.aj 
    23:03:27,859 FINE   .application.options.CodeStyle - localOrTemp settings for Use.aj 
    23:03:27,859 FINE   .application.options.CodeStyle - localOrTemp settings for Use.aj 
    23:03:27,860 FINE   pi.editor.impl.view.LineLayout - Text layout for null (0-18) 
    23:03:27,861 FINE   pi.editor.impl.view.LineLayout - Text layout for null (19-51) 
    23:03:27,862 FINE   .application.options.CodeStyle - localOrTemp settings for Use.aj 
    23:03:27,862 FINE   .application.options.CodeStyle - localOrTemp settings for Use.aj 
    23:03:27,862 FINE   .application.options.CodeStyle - localOrTemp settings for Use.aj 
    23:03:27,862 FINE   .application.options.CodeStyle - localOrTemp settings for Use.aj 
    23:03:27,862 FINE   enapi.editor.impl.SettingsImpl - reinitDocumentIndentOptions, file Use.aj 
    23:03:27,862 FINE   .application.options.CodeStyle - localOrTemp settings for Use.aj 
    23:03:27,862 FINE   .application.options.CodeStyle - localOrTemp settings for Use.aj 
    23:03:27,862 FINE   .application.options.CodeStyle - localOrTemp settings for Use.aj 
    23:03:27,863 FINE   pi.editor.impl.view.LineLayout - Text layout for temp:///src/Use.aj (0-18) 
    23:03:27,864 FINE   pi.editor.impl.view.LineLayout - Text layout for temp:///src/Use.aj (19-51) 
    23:03:27,866 FINE   on.impl.DaemonCodeAnalyzerImpl - Stopping process: toRestartAlarm true myDisposed false reason: 'CodeInsightTestFixtureImpl.createEditor' 
    23:03:27,866 FINE   on.impl.DaemonCodeAnalyzerImpl - Rescheduling highlighting: isDone false 
    23:03:27,867 FINE   testFramework.IndexingTestUtil - waitUntilFinished, thread=Thread[#38,AWT-EventQueue-0,6,main], WA=false 
    23:03:27,867 FINE   testFramework.IndexingTestUtil - waitNow, thread=Thread[#38,AWT-EventQueue-0,6,main] 
    23:03:27,867 FINE   ij.psi.impl.source.PsiFileImpl - Loaded text for file /src/Use.aj 
    23:03:27,869 SEVERE                 #TestFramework - Test failed 
    junit.framework.AssertionFailedError: Expected a designator reference at the pointcut usage 
    	at junit.framework.Assert.fail(Assert.java:57) 
    	at junit.framework.Assert.assertTrue(Assert.java:22) 
    	at junit.framework.Assert.assertNotNull(Assert.java:256) 
    	at junit.framework.TestCase.assertNotNull(TestCase.java:399) 
    	at org.example.aop.aspectj.AspectJCrossFileReferenceTest.testPointcutReferenceResolvesAcrossFiles(AspectJCrossFileReferenceTest.kt:33) 
    	at java.base/jdk.internal.reflect.DirectMethodHandleAccessor.invoke(DirectMethodHandleAccessor.java:103) 
    	at java.base/java.lang.reflect.Method.invoke(Method.java:580) 
    	at junit.framework.TestCase.runTest(TestCase.java:177) 
    	at com.intellij.testFramework.UsefulTestCase.lambda$runBare$12(UsefulTestCase.java:501) 
    	at com.intellij.testFramework.TestLoggerKt$recordErrorsLoggedInTheCurrentThreadAndReportThemAsFailures$2.invoke(testLogger.kt:99) 
    	at com.intellij.testFramework.TestLoggerKt$recordErrorsLoggedInTheCurrentThreadAndReportThemAsFailures$2.invoke(testLogger.kt:99) 
    	at com.intellij.testFramework.TestLoggerKt.recordErrorsLoggedInTheCurrentThreadAndReportThemAsFailures(testLogger.kt:81) 
    	at com.intellij.testFramework.TestLoggerKt.recordErrorsLoggedInTheCurrentThreadAndReportThemAsFailures(testLogger.kt:99) 
    	at com.intellij.testFramework.UsefulTestCase.lambda$wrapTestRunnable$15(UsefulTestCase.java:533) 
    	at com.intellij.testFramework.UsefulTestCase.runTestRunnable(UsefulTestCase.java:426) 
    	at com.intellij.testFramework.fixtures.BasePlatformTestCase.runTestRunnable(BasePlatformTestCase.java:117) 
    	at com.intellij.testFramework.UsefulTestCase.defaultRunBare(UsefulTestCase.java:442) 
    	at com.intellij.testFramework.UsefulTestCase.lambda$runBare$13(UsefulTestCase.java:515) 
    	at com.intellij.testFramework.EdtTestUtil.lambda$runInEdtAndWait$5(EdtTestUtil.java:92) 
    	at com.intellij.openapi.application.TransactionGuardImpl.runWithWritingAllowed(TransactionGuardImpl.java:240) 
    	at com.intellij.openapi.application.TransactionGuardImpl.access$100(TransactionGuardImpl.java:25) 
    	at com.intellij.openapi.application.TransactionGuardImpl$1.run(TransactionGuardImpl.java:202) 
    	at com.intellij.openapi.application.impl.AnyThreadWriteThreadingSupport.runIntendedWriteActionOnCurrentThread$lambda$7(AnyThreadWriteThreadingSupport.kt:319) 
    	at com.intellij.openapi.application.impl.AnyThreadWriteThreadingSupport.runWriteIntentReadAction$lambda$6(AnyThreadWriteThreadingSupport.kt:274) 
    	at com.intellij.openapi.application.impl.AnyThreadWriteThreadingSupport.runWithTemporaryThreadLocal(AnyThreadWriteThreadingSupport.kt:204) 
    	at com.intellij.openapi.application.impl.AnyThreadWriteThreadingSupport.runWriteIntentReadAction(AnyThreadWriteThreadingSupport.kt:274) 
    	at com.intellij.openapi.application.impl.AnyThreadWriteThreadingSupport.runWriteIntentReadAction(AnyThreadWriteThreadingSupport.kt:222) 
    	at com.intellij.openapi.application.impl.AnyThreadWriteThreadingSupport.runIntendedWriteActionOnCurrentThread(AnyThreadWriteThreadingSupport.kt:318) 
    	at com.intellij.openapi.application.impl.ApplicationImpl.runIntendedWriteActionOnCurrentThread(ApplicationImpl.java:928) 
    	at com.intellij.openapi.application.impl.ApplicationImpl$4.run(ApplicationImpl.java:501) 
    	at com.intellij.openapi.application.impl.AppImplKt.rethrowExceptions$lambda$2(appImpl.kt:66) 
    	at com.intellij.util.concurrency.ChildContext$runInChildContext$1.invoke(propagation.kt:102) 
    	at com.intellij.util.concurrency.ChildContext$runInChildContext$1.invoke(propagation.kt:102) 
    	at com.intellij.util.concurrency.ChildContext.runInChildContext(propagation.kt:108) 
    	at com.intellij.util.concurrency.ChildContext.runInChildContext(propagation.kt:102) 
    	at com.intellij.util.concurrency.ContextRunnable.run(ContextRunnable.java:27) 
    	at com.intellij.openapi.application.impl.AppImplKt.rethrowExceptions$lambda$3(appImpl.kt:77) 
    	at com.intellij.openapi.application.impl.LaterInvocator$1.run(LaterInvocator.java:105) 
    	at com.intellij.openapi.application.impl.FlushQueue.runNextEvent(FlushQueue.java:117) 
    	at com.intellij.openapi.application.impl.FlushQueue.flushNow(FlushQueue.java:43) 
    	at java.desktop/java.awt.event.InvocationEvent.dispatch(InvocationEvent.java:318) 
    	at java.desktop/java.awt.EventQueue.dispatchEventImpl(EventQueue.java:781) 
    	at java.desktop/java.awt.EventQueue$4.run(EventQueue.java:728) 
    	at java.desktop/java.awt.EventQueue$4.run(EventQueue.java:722) 
    	at java.base/java.security.AccessController.doPrivileged(AccessController.java:400) 
    	at java.base/java.security.ProtectionDomain$JavaSecurityAccessImpl.doIntersectionPrivilege(ProtectionDomain.java:87) 
    	at java.desktop/java.awt.EventQueue.dispatchEvent(EventQueue.java:750) 
    	at com.intellij.ide.IdeEventQueue.defaultDispatchEvent(IdeEventQueue.kt:585) 
    	at com.intellij.ide.IdeEventQueue._dispatchEvent(IdeEventQueue.kt:482) 
    	at com.intellij.ide.IdeEventQueue.dispatchEvent$lambda$12$lambda$11$lambda$10$lambda$9(IdeEventQueue.kt:307) 
    	at com.intellij.openapi.progress.impl.CoreProgressManager.computePrioritized(CoreProgressManager.java:864) 
    	at com.intellij.ide.IdeEventQueue.dispatchEvent$lambda$12$lambda$11$lambda$10(IdeEventQueue.kt:306) 
    	at com.intellij.ide.IdeEventQueueKt.performActivity$lambda$3(IdeEventQueue.kt:958) 
    	at com.intellij.openapi.application.TransactionGuardImpl.performActivity(TransactionGuardImpl.java:117) 
    	at com.intellij.ide.IdeEventQueueKt.performActivity(IdeEventQueue.kt:958) 
    	at com.intellij.ide.IdeEventQueue.dispatchEvent$lambda$12(IdeEventQueue.kt:301) 
    	at com.intellij.ide.IdeEventQueue.dispatchEvent(IdeEventQueue.kt:341) 
    	at java.desktop/java.awt.EventDispatchThread.pumpOneEventForFilters(EventDispatchThread.java:207) 
    	at java.desktop/java.awt.EventDispatchThread.pumpEventsForFilter(EventDispatchThread.java:128) 
    	at java.desktop/java.awt.EventDispatchThread.pumpEventsForHierarchy(EventDispatchThread.java:117) 
    	at java.desktop/java.awt.EventDispatchThread.pumpEvents(EventDispatchThread.java:113) 
    	at java.desktop/java.awt.EventDispatchThread.pumpEvents(EventDispatchThread.java:105) 
    	at java.desktop/java.awt.EventDispatchThread.run(EventDispatchThread.java:92) 
     


AspectJCrossFileReferenceTest > testPointcutReferenceResolvesAcrossFiles FAILED
    junit.framework.AssertionFailedError: Expected a designator reference at the pointcut usage
        at junit.framework.Assert.fail(Assert.java:57)
        at junit.framework.Assert.assertTrue(Assert.java:22)
        at junit.framework.Assert.assertNotNull(Assert.java:256)
        at junit.framework.TestCase.assertNotNull(TestCase.java:399)
        at org.example.aop.aspectj.AspectJCrossFileReferenceTest.testPointcutReferenceResolvesAcrossFiles(AspectJCrossFileReferenceTest.kt:33)

AspectJReferenceResolutionTest > testFindPointcutDeclarationByName STANDARD_OUT
    Element: PsiPlainText
    Parent: PsiFile(plain text):Test.aj
    Parent class: class com.intellij.psi.impl.source.PsiPlainTextFileImpl

Gradle Test Executor 57 finished executing tests.

> Task :test FAILED

106 tests completed, 1 failed
Generating HTML test report...
Finished generating test html results (0.04 secs) into: /home/anonim/IdeaProjects/AOP/build/reports/tests/test
Finished generating test XML results (0.006 secs) into: /home/anonim/IdeaProjects/AOP/build/test-results/test

[Incubating] Problems report is available at: file:///home/anonim/IdeaProjects/AOP/build/reports/problems/problems-report.html

FAILURE: Build failed with an exception.

* What went wrong:
Execution failed for task ':test'.
> There were failing tests. See the report at: file:///home/anonim/IdeaProjects/AOP/build/reports/tests/test/index.html

* Try:
> Run with --scan to get full insights from a Build Scan (powered by Develocity).

Deprecated Gradle features were used in this build, making it incompatible with Gradle 10.

You can use '--warning-mode all' to show the individual deprecation warnings and determine if they come from your own scripts or plugins.

For more on this, please refer to https://docs.gradle.org/9.3.0/userguide/command_line_interface.html#sec:command_line_warnings in the Gradle documentation.

BUILD FAILED in 12s
15 actionable tasks: 2 executed, 13 up-to-date
